Component: ARM Compiler 5.06 update 6 (build 750) Tool: armlink [4d35ed]

==============================================================================

Section Cross References

    startup_stm32f10x_hd.o(RESET) refers to startup_stm32f10x_hd.o(STACK) for __initial_sp
    startup_stm32f10x_hd.o(RESET) refers to startup_stm32f10x_hd.o(.text) for Reset_Handler
    startup_stm32f10x_hd.o(RESET) refers to stm32f10x_it.o(.text) for NMI_Handler
    startup_stm32f10x_hd.o(.text) refers to system_stm32f10x.o(.text) for SystemInit
    startup_stm32f10x_hd.o(.text) refers to entry.o(.ARM.Collect$$$$00000000) for __main
    system_stm32f10x.o(.text) refers to system_stm32f10x.o(.data) for SystemCoreClock
    stm32f10x_adc.o(.text) refers to stm32f10x_rcc.o(.text) for RCC_APB2PeriphResetCmd
    stm32f10x_bkp.o(.text) refers to stm32f10x_rcc.o(.text) for RCC_BackupResetCmd
    stm32f10x_can.o(.text) refers to stm32f10x_rcc.o(.text) for RCC_APB1PeriphResetCmd
    stm32f10x_can.o(.text) refers to stm32f10x_can.o(.text) for CheckITStatus
    stm32f10x_cec.o(.text) refers to stm32f10x_rcc.o(.text) for RCC_APB1PeriphResetCmd
    stm32f10x_dac.o(.text) refers to stm32f10x_rcc.o(.text) for RCC_APB1PeriphResetCmd
    stm32f10x_flash.o(.text) refers to stm32f10x_flash.o(.text) for FLASH_GetBank1Status
    stm32f10x_flash.o(.text) refers to stm32f10x_flash.o(.text) for FLASH_WaitForLastOperation
    stm32f10x_flash.o(.text) refers to stm32f10x_flash.o(.text) for FLASH_WaitForLastOperation
    stm32f10x_flash.o(.text) refers to stm32f10x_flash.o(.text) for FLASH_GetBank1Status
    stm32f10x_flash.o(.text) refers to stm32f10x_flash.o(.text) for FLASH_WaitForLastBank1Operation
    stm32f10x_flash.o(.text) refers to stm32f10x_flash.o(.text) for FLASH_GetReadOutProtectionStatus
    stm32f10x_flash.o(.text) refers to stm32f10x_flash.o(.text) for FLASH_WaitForLastOperation
    stm32f10x_flash.o(.text) refers to stm32f10x_flash.o(.text) for FLASH_WaitForLastOperation
    stm32f10x_flash.o(.text) refers to stm32f10x_flash.o(.text) for FLASH_WaitForLastOperation
    stm32f10x_flash.o(.text) refers to stm32f10x_flash.o(.text) for FLASH_WaitForLastOperation
    stm32f10x_flash.o(.text) refers to stm32f10x_flash.o(.text) for FLASH_WaitForLastOperation
    stm32f10x_flash.o(.text) refers to stm32f10x_flash.o(.text) for FLASH_WaitForLastOperation
    stm32f10x_flash.o(.text) refers to stm32f10x_flash.o(.text) for FLASH_WaitForLastOperation
    stm32f10x_gpio.o(.text) refers to stm32f10x_rcc.o(.text) for RCC_APB2PeriphResetCmd
    stm32f10x_gpio.o(.text) refers to stm32f10x_rcc.o(.text) for RCC_APB2PeriphResetCmd
    stm32f10x_i2c.o(.text) refers to stm32f10x_rcc.o(.text) for RCC_APB1PeriphResetCmd
    stm32f10x_i2c.o(.text) refers to stm32f10x_rcc.o(.text) for RCC_GetClocksFreq
    stm32f10x_pwr.o(.text) refers to stm32f10x_rcc.o(.text) for RCC_APB1PeriphResetCmd
    stm32f10x_rcc.o(.text) refers to stm32f10x_rcc.o(.data) for APBAHBPrescTable
    stm32f10x_rcc.o(.text) refers to stm32f10x_rcc.o(.text) for RCC_GetFlagStatus
    stm32f10x_spi.o(.text) refers to stm32f10x_rcc.o(.text) for RCC_APB2PeriphResetCmd
    stm32f10x_spi.o(.text) refers to stm32f10x_rcc.o(.text) for RCC_APB1PeriphResetCmd
    stm32f10x_spi.o(.text) refers to stm32f10x_rcc.o(.text) for RCC_GetClocksFreq
    stm32f10x_tim.o(.text) refers to stm32f10x_rcc.o(.text) for RCC_APB2PeriphResetCmd
    stm32f10x_tim.o(.text) refers to stm32f10x_rcc.o(.text) for RCC_APB1PeriphResetCmd
    stm32f10x_tim.o(.text) refers to stm32f10x_tim.o(.text) for TI1_Config
    stm32f10x_tim.o(.text) refers to stm32f10x_tim.o(.text) for TIM_SetIC1Prescaler
    stm32f10x_tim.o(.text) refers to stm32f10x_tim.o(.text) for TIM_SetIC2Prescaler
    stm32f10x_tim.o(.text) refers to stm32f10x_tim.o(.text) for TIM_SetIC3Prescaler
    stm32f10x_tim.o(.text) refers to stm32f10x_tim.o(.text) for TIM_SetIC4Prescaler
    stm32f10x_tim.o(.text) refers to stm32f10x_tim.o(.text) for TI1_Config
    stm32f10x_tim.o(.text) refers to stm32f10x_tim.o(.text) for TIM_SetIC1Prescaler
    stm32f10x_tim.o(.text) refers to stm32f10x_tim.o(.text) for TIM_SetIC2Prescaler
    stm32f10x_tim.o(.text) refers to stm32f10x_tim.o(.text) for TIM_SelectInputTrigger
    stm32f10x_tim.o(.text) refers to stm32f10x_tim.o(.text) for TI2_Config
    stm32f10x_tim.o(.text) refers to stm32f10x_tim.o(.text) for TIM_SelectInputTrigger
    stm32f10x_tim.o(.text) refers to stm32f10x_tim.o(.text) for TIM_ETRConfig
    stm32f10x_tim.o(.text) refers to stm32f10x_tim.o(.text) for TIM_ETRConfig
    stm32f10x_usart.o(.text) refers to stm32f10x_rcc.o(.text) for RCC_APB2PeriphResetCmd
    stm32f10x_usart.o(.text) refers to stm32f10x_rcc.o(.text) for RCC_APB1PeriphResetCmd
    stm32f10x_usart.o(.text) refers to stm32f10x_rcc.o(.text) for RCC_GetClocksFreq
    stm32f10x_wwdg.o(.text) refers to stm32f10x_rcc.o(.text) for RCC_APB1PeriphResetCmd
[...]
    Removing stm32f10x_dac.o(.text), (32 bytes).
    Removing stm32f10x_dac.o(.text), (36 bytes).
    Removing stm32f10x_dac.o(.text), (36 bytes).
    Removing stm32f10x_dbgmcu.o(.text), (12 bytes).
    Removing stm32f10x_dbgmcu.o(.text), (16 bytes).
    Removing stm32f10x_dbgmcu.o(.text), (32 bytes).
    Removing stm32f10x_dma.o(.text), (332 bytes).
    Removing stm32f10x_dma.o(.text), (60 bytes).
    Removing stm32f10x_dma.o(.text), (26 bytes).
    Removing stm32f10x_dma.o(.text), (24 bytes).
    Removing stm32f10x_dma.o(.text), (18 bytes).
    Removing stm32f10x_dma.o(.text), (4 bytes).
    Removing stm32f10x_dma.o(.text), (8 bytes).
    Removing stm32f10x_dma.o(.text), (44 bytes).
    Removing stm32f10x_dma.o(.text), (28 bytes).
    Removing stm32f10x_dma.o(.text), (44 bytes).
    Removing stm32f10x_dma.o(.text), (28 bytes).
    Removing stm32f10x_exti.o(.text), (36 bytes).
    Removing stm32f10x_exti.o(.text), (148 bytes).
    Removing stm32f10x_exti.o(.text), (16 bytes).
    Removing stm32f10x_exti.o(.text), (16 bytes).
    Removing stm32f10x_exti.o(.text), (24 bytes).
    Removing stm32f10x_exti.o(.text), (12 bytes).
    Removing stm32f10x_exti.o(.text), (40 bytes).
    Removing stm32f10x_exti.o(.text), (12 bytes).
    Removing stm32f10x_flash.o(.text), (24 bytes).
    Removing stm32f10x_flash.o(.text), (28 bytes).
    Removing stm32f10x_flash.o(.text), (28 bytes).
    Removing stm32f10x_flash.o(.text), (24 bytes).
    Removing stm32f10x_flash.o(.text), (24 bytes).
    Removing stm32f10x_flash.o(.text), (20 bytes).
    Removing stm32f10x_flash.o(.text), (20 bytes).
    Removing stm32f10x_flash.o(.text), (52 bytes).
    Removing stm32f10x_flash.o(.text), (38 bytes).
    Removing stm32f10x_flash.o(.text), (76 bytes).
    Removing stm32f10x_flash.o(.text), (72 bytes).
    Removing stm32f10x_flash.o(.text), (38 bytes).
    Removing stm32f10x_flash.o(.text), (72 bytes).
    Removing stm32f10x_flash.o(.text), (24 bytes).
    Removing stm32f10x_flash.o(.text), (168 bytes).
    Removing stm32f10x_flash.o(.text), (108 bytes).
    Removing stm32f10x_flash.o(.text), (64 bytes).
    Removing stm32f10x_flash.o(.text), (84 bytes).
    Removing stm32f10x_flash.o(.text), (196 bytes).
    Removing stm32f10x_flash.o(.text), (172 bytes).
    Removing stm32f10x_flash.o(.text), (104 bytes).
    Removing stm32f10x_flash.o(.text), (12 bytes).
    Removing stm32f10x_flash.o(.text), (12 bytes).
    Removing stm32f10x_flash.o(.text), (24 bytes).
    Removing stm32f10x_flash.o(.text), (32 bytes).
    Removing stm32f10x_flash.o(.text), (48 bytes).
    Removing stm32f10x_flash.o(.text), (12 bytes).
    Removing stm32f10x_flash.o(.text), (52 bytes).
    Removing stm32f10x_fsmc.o(.text), (54 bytes).
    Removing stm32f10x_fsmc.o(.text), (68 bytes).
    Removing stm32f10x_fsmc.o(.text), (40 bytes).
    Removing stm32f10x_fsmc.o(.text), (136 bytes).
    Removing stm32f10x_fsmc.o(.text), (132 bytes).
    Removing stm32f10x_fsmc.o(.text), (114 bytes).
    Removing stm32f10x_fsmc.o(.text), (54 bytes).
    Removing stm32f10x_fsmc.o(.text), (60 bytes).
    Removing stm32f10x_fsmc.o(.text), (92 bytes).
    Removing stm32f10x_fsmc.o(.text), (48 bytes).
    Removing stm32f10x_fsmc.o(.text), (92 bytes).
    Removing stm32f10x_fsmc.o(.text), (28 bytes).
    Removing stm32f10x_fsmc.o(.text), (128 bytes).
    Removing stm32f10x_fsmc.o(.text), (56 bytes).
    Removing stm32f10x_fsmc.o(.text), (64 bytes).
    Removing stm32f10x_fsmc.o(.text), (68 bytes).
    Removing stm32f10x_fsmc.o(.text), (72 bytes).
    Removing stm32f10x_gpio.o(.text), (200 bytes).
    Removing stm32f10x_gpio.o(.text), (20 bytes).
    Removing stm32f10x_gpio.o(.text), (16 bytes).
    Removing stm32f10x_gpio.o(.text), (8 bytes).
    Removing stm32f10x_gpio.o(.text), (18 bytes).
    Removing stm32f10x_gpio.o(.text), (8 bytes).
    Removing stm32f10x_gpio.o(.text), (10 bytes).
    Removing stm32f10x_gpio.o(.text), (4 bytes).
    Removing stm32f10x_gpio.o(.text), (18 bytes).
    Removing stm32f10x_gpio.o(.text), (32 bytes).
    Removing stm32f10x_gpio.o(.text), (12 bytes).
    Removing stm32f10x_gpio.o(.text), (144 bytes).
    Removing stm32f10x_gpio.o(.text), (64 bytes).
    Removing stm32f10x_gpio.o(.text), (12 bytes).
    Removing stm32f10x_i2c.o(.text), (56 bytes).
    Removing stm32f10x_i2c.o(.text), (236 bytes).
    Removing stm32f10x_i2c.o(.text), (30 bytes).
    Removing stm32f10x_i2c.o(.text), (24 bytes).
    Removing stm32f10x_i2c.o(.text), (24 bytes).
    Removing stm32f10x_i2c.o(.text), (24 bytes).
    Removing stm32f10x_i2c.o(.text), (24 bytes).
    Removing stm32f10x_i2c.o(.text), (24 bytes).
    Removing stm32f10x_i2c.o(.text), (24 bytes).
    Removing stm32f10x_i2c.o(.text), (22 bytes).
    Removing stm32f10x_i2c.o(.text), (24 bytes).
    Removing stm32f10x_i2c.o(.text), (24 bytes).
    Removing stm32f10x_i2c.o(.text), (18 bytes).
    Removing stm32f10x_i2c.o(.text), (4 bytes).
    Removing stm32f10x_i2c.o(.text), (8 bytes).
    Removing stm32f10x_i2c.o(.text), (18 bytes).
    Removing stm32f10x_i2c.o(.text), (22 bytes).
    Removing stm32f10x_i2c.o(.text), (22 bytes).
    Removing stm32f10x_i2c.o(.text), (28 bytes).
    Removing stm32f10x_i2c.o(.text), (28 bytes).
    Removing stm32f10x_i2c.o(.text), (24 bytes).
    Removing stm32f10x_i2c.o(.text), (28 bytes).
    Removing stm32f10x_i2c.o(.text), (24 bytes).
    Removing stm32f10x_i2c.o(.text), (8 bytes).
    Removing stm32f10x_i2c.o(.text), (24 bytes).
    Removing stm32f10x_i2c.o(.text), (24 bytes).
    Removing stm32f10x_i2c.o(.text), (28 bytes).
    Removing stm32f10x_i2c.o(.text), (42 bytes).
    Removing stm32f10x_i2c.o(.text), (26 bytes).
    Removing stm32f10x_i2c.o(.text), (58 bytes).
    Removing stm32f10x_i2c.o(.text), (12 bytes).
    Removing stm32f10x_i2c.o(.text), (38 bytes).
    Removing stm32f10x_i2c.o(.text), (12 bytes).
    Removing stm32f10x_iwdg.o(.text), (12 bytes).
    Removing stm32f10x_iwdg.o(.text), (12 bytes).
    Removing stm32f10x_iwdg.o(.text), (12 bytes).
    Removing stm32f10x_iwdg.o(.text), (16 bytes).
    Removing stm32f10x_iwdg.o(.text), (16 bytes).
    Removing stm32f10x_iwdg.o(.text), (24 bytes).
    Removing stm32f10x_pwr.o(.text), (22 bytes).
    Removing stm32f10x_pwr.o(.text), (12 bytes).
    Removing stm32f10x_pwr.o(.text), (24 bytes).
    Removing stm32f10x_pwr.o(.text), (12 bytes).
    Removing stm32f10x_pwr.o(.text), (64 bytes).
    Removing stm32f10x_pwr.o(.text), (52 bytes).
    Removing stm32f10x_pwr.o(.text), (24 bytes).
    Removing stm32f10x_pwr.o(.text), (20 bytes).
    Removing stm32f10x_rcc.o(.text), (76 bytes).
    Removing stm32f10x_rcc.o(.text), (76 bytes).
    Removing stm32f10x_rcc.o(.text), (56 bytes).
    Removing stm32f10x_rcc.o(.text), (24 bytes).
    Removing stm32f10x_rcc.o(.text), (12 bytes).
    Removing stm32f10x_rcc.o(.text), (28 bytes).
    Removing stm32f10x_rcc.o(.text), (12 bytes).
    Removing stm32f10x_rcc.o(.text), (24 bytes).
    Removing stm32f10x_rcc.o(.text), (16 bytes).
    Removing stm32f10x_rcc.o(.text), (24 bytes).
    Removing stm32f10x_rcc.o(.text), (24 bytes).
    Removing stm32f10x_rcc.o(.text), (24 bytes).
    Removing stm32f10x_rcc.o(.text), (32 bytes).
    Removing stm32f10x_rcc.o(.text), (12 bytes).
    Removing stm32f10x_rcc.o(.text), (24 bytes).
    Removing stm32f10x_rcc.o(.text), (52 bytes).
    Removing stm32f10x_rcc.o(.text), (32 bytes).
    Removing stm32f10x_rcc.o(.text), (32 bytes).
    Removing stm32f10x_rcc.o(.text), (12 bytes).
    Removing stm32f10x_rcc.o(.text), (12 bytes).
    Removing stm32f10x_rcc.o(.text), (24 bytes).
    Removing stm32f10x_rcc.o(.text), (12 bytes).
    Removing stm32f10x_rtc.o(.text), (24 bytes).
    Removing stm32f10x_rtc.o(.text), (24 bytes).
    Removing stm32f10x_rtc.o(.text), (16 bytes).
    Removing stm32f10x_sdio.o(.text), (36 bytes).
    Removing stm32f10x_sdio.o(.text), (48 bytes).
    Removing stm32f10x_sdio.o(.text), (16 bytes).
    Removing stm32f10x_sdio.o(.text), (12 bytes).
    Removing stm32f10x_sdio.o(.text), (28 bytes).
    Removing stm32f10x_sdio.o(.text), (16 bytes).
    Removing stm32f10x_sdio.o(.text), (32 bytes).
    Removing stm32f10x_sdio.o(.text), (12 bytes).
    Removing stm32f10x_sdio.o(.text), (44 bytes).
    Removing stm32f10x_sdio.o(.text), (14 bytes).
    Removing stm32f10x_sdio.o(.text), (12 bytes).
    Removing stm32f10x_sdio.o(.text), (24 bytes).
    Removing stm32f10x_sdio.o(.text), (48 bytes).
    Removing stm32f10x_sdio.o(.text), (20 bytes).
    Removing stm32f10x_sdio.o(.text), (12 bytes).
    Removing stm32f10x_sdio.o(.text), (12 bytes).
    Removing stm32f10x_sdio.o(.text), (12 bytes).
    Removing stm32f10x_sdio.o(.text), (12 bytes).
    Removing stm32f10x_sdio.o(.text), (12 bytes).
    Removing stm32f10x_sdio.o(.text), (12 bytes).
    Removing stm32f10x_sdio.o(.text), (12 bytes).
    Removing stm32f10x_sdio.o(.text), (12 bytes).
    Removing stm32f10x_sdio.o(.text), (12 bytes).
    Removing stm32f10x_sdio.o(.text), (12 bytes).
    Removing stm32f10x_sdio.o(.text), (16 bytes).
    Removing stm32f10x_sdio.o(.text), (12 bytes).
    Removing stm32f10x_sdio.o(.text), (24 bytes).
    Removing stm32f10x_sdio.o(.text), (12 bytes).
    Removing stm32f10x_sdio.o(.text), (24 bytes).
    Removing stm32f10x_sdio.o(.text), (12 bytes).
    Removing stm32f10x_spi.o(.text), (88 bytes).
    Removing stm32f10x_spi.o(.text), (60 bytes).
    Removing stm32f10x_spi.o(.text), (232 bytes).
    Removing stm32f10x_spi.o(.text), (24 bytes).
    Removing stm32f10x_spi.o(.text), (20 bytes).
    Removing stm32f10x_spi.o(.text), (24 bytes).
    Removing stm32f10x_spi.o(.text), (24 bytes).
    Removing stm32f10x_spi.o(.text), (32 bytes).
    Removing stm32f10x_spi.o(.text), (18 bytes).
    Removing stm32f10x_spi.o(.text), (4 bytes).
    Removing stm32f10x_spi.o(.text), (6 bytes).
    Removing stm32f10x_spi.o(.text), (30 bytes).
    Removing stm32f10x_spi.o(.text), (24 bytes).
    Removing stm32f10x_spi.o(.text), (18 bytes).
    Removing stm32f10x_spi.o(.text), (10 bytes).
    Removing stm32f10x_spi.o(.text), (24 bytes).
    Removing stm32f10x_spi.o(.text), (16 bytes).
    Removing stm32f10x_spi.o(.text), (6 bytes).
    Removing stm32f10x_spi.o(.text), (28 bytes).
    Removing stm32f10x_spi.o(.text), (18 bytes).
    Removing stm32f10x_spi.o(.text), (6 bytes).
    Removing stm32f10x_spi.o(.text), (52 bytes).
    Removing stm32f10x_spi.o(.text), (20 bytes).
    Removing stm32f10x_tim.o(.text), (488 bytes).
    Removing stm32f10x_tim.o(.text), (164 bytes).
    Removing stm32f10x_tim.o(.text), (152 bytes).
    Removing stm32f10x_tim.o(.text), (164 bytes).
    Removing stm32f10x_tim.o(.text), (160 bytes).
    Removing stm32f10x_tim.o(.text), (124 bytes).
    Removing stm32f10x_tim.o(.text), (26 bytes).
    Removing stm32f10x_tim.o(.text), (512 bytes).
    Removing stm32f10x_tim.o(.text), (18 bytes).
    Removing stm32f10x_tim.o(.text), (26 bytes).
    Removing stm32f10x_tim.o(.text), (18 bytes).
    Removing stm32f10x_tim.o(.text), (172 bytes).
    Removing stm32f10x_tim.o(.text), (124 bytes).
    Removing stm32f10x_tim.o(.text), (32 bytes).
    Removing stm32f10x_tim.o(.text), (18 bytes).
    Removing stm32f10x_tim.o(.text), (20 bytes).
    Removing stm32f10x_tim.o(.text), (18 bytes).
    Removing stm32f10x_tim.o(.text), (18 bytes).
    Removing stm32f10x_tim.o(.text), (24 bytes).
    Removing stm32f10x_tim.o(.text), (30 bytes).
    Removing stm32f10x_tim.o(.text), (18 bytes).
    Removing stm32f10x_tim.o(.text), (4 bytes).
    Removing stm32f10x_tim.o(.text), (10 bytes).
    Removing stm32f10x_tim.o(.text), (18 bytes).
    Removing stm32f10x_tim.o(.text), (12 bytes).
    Removing stm32f10x_tim.o(.text), (18 bytes).
    Removing stm32f10x_tim.o(.text), (24 bytes).
    Removing stm32f10x_tim.o(.text), (62 bytes).
    Removing stm32f10x_tim.o(.text), (28 bytes).
    Removing stm32f10x_tim.o(.text), (54 bytes).
    Removing stm32f10x_tim.o(.text), (32 bytes).
    Removing stm32f10x_tim.o(.text), (6 bytes).
    Removing stm32f10x_tim.o(.text), (18 bytes).
    Removing stm32f10x_tim.o(.text), (66 bytes).
    Removing stm32f10x_tim.o(.text), (18 bytes).
    Removing stm32f10x_tim.o(.text), (26 bytes).
    Removing stm32f10x_tim.o(.text), (18 bytes).
    Removing stm32f10x_tim.o(.text), (26 bytes).
    Removing stm32f10x_tim.o(.text), (24 bytes).
    Removing stm32f10x_tim.o(.text), (24 bytes).
    Removing stm32f10x_tim.o(.text), (24 bytes).
    Removing stm32f10x_tim.o(.text), (24 bytes).
    Removing stm32f10x_tim.o(.text), (18 bytes).
    Removing stm32f10x_tim.o(.text), (26 bytes).
    Removing stm32f10x_tim.o(.text), (18 bytes).
    Removing stm32f10x_tim.o(.text), (26 bytes).
    Removing stm32f10x_tim.o(.text), (18 bytes).
    Removing stm32f10x_tim.o(.text), (26 bytes).
    Removing stm32f10x_tim.o(.text), (18 bytes).
    Removing stm32f10x_tim.o(.text), (26 bytes).
    Removing stm32f10x_tim.o(.text), (18 bytes).
    Removing stm32f10x_tim.o(.text), (24 bytes).
    Removing stm32f10x_tim.o(.text), (18 bytes).
    Removing stm32f10x_tim.o(.text), (24 bytes).
    Removing stm32f10x_tim.o(.text), (18 bytes).
    Removing stm32f10x_tim.o(.text), (18 bytes).
    Removing stm32f10x_tim.o(.text), (26 bytes).
    Removing stm32f10x_tim.o(.text), (26 bytes).
    Removing stm32f10x_tim.o(.text), (26 bytes).
    Removing stm32f10x_tim.o(.text), (26 bytes).
    Removing stm32f10x_tim.o(.text), (26 bytes).
    Removing stm32f10x_tim.o(.text), (30 bytes).
    Removing stm32f10x_tim.o(.text), (30 bytes).
    Removing stm32f10x_tim.o(.text), (82 bytes).
    Removing stm32f10x_tim.o(.text), (24 bytes).
    Removing stm32f10x_tim.o(.text), (24 bytes).
    Removing stm32f10x_tim.o(.text), (24 bytes).
    Removing stm32f10x_tim.o(.text), (18 bytes).
    Removing stm32f10x_tim.o(.text), (18 bytes).
    Removing stm32f10x_tim.o(.text), (18 bytes).
    Removing stm32f10x_tim.o(.text), (18 bytes).
    Removing stm32f10x_tim.o(.text), (4 bytes).
    Removing stm32f10x_tim.o(.text), (4 bytes).
    Removing stm32f10x_tim.o(.text), (4 bytes).
    Removing stm32f10x_tim.o(.text), (4 bytes).
    Removing stm32f10x_tim.o(.text), (4 bytes).
    Removing stm32f10x_tim.o(.text), (6 bytes).
    Removing stm32f10x_tim.o(.text), (18 bytes).
    Removing stm32f10x_tim.o(.text), (6 bytes).
    Removing stm32f10x_tim.o(.text), (6 bytes).
    Removing stm32f10x_tim.o(.text), (6 bytes).
    Removing stm32f10x_tim.o(.text), (8 bytes).
    Removing stm32f10x_tim.o(.text), (6 bytes).
    Removing stm32f10x_tim.o(.text), (6 bytes).
    Removing stm32f10x_tim.o(.text), (18 bytes).
    Removing stm32f10x_tim.o(.text), (6 bytes).
    Removing stm32f10x_tim.o(.text), (34 bytes).
    Removing stm32f10x_tim.o(.text), (6 bytes).
    Removing stm32f10x_usart.o(.text), (156 bytes).
    Removing stm32f10x_usart.o(.text), (24 bytes).
    Removing stm32f10x_usart.o(.text), (34 bytes).
    Removing stm32f10x_usart.o(.text), (12 bytes).
    Removing stm32f10x_usart.o(.text), (74 bytes).
    Removing stm32f10x_usart.o(.text), (18 bytes).
    Removing stm32f10x_usart.o(.text), (18 bytes).
    Removing stm32f10x_usart.o(.text), (18 bytes).
    Removing stm32f10x_usart.o(.text), (24 bytes).
    Removing stm32f10x_usart.o(.text), (18 bytes).
    Removing stm32f10x_usart.o(.text), (24 bytes).
    Removing stm32f10x_usart.o(.text), (10 bytes).
    Removing stm32f10x_usart.o(.text), (16 bytes).
    Removing stm32f10x_usart.o(.text), (16 bytes).
    Removing stm32f10x_usart.o(.text), (24 bytes).
    Removing stm32f10x_usart.o(.text), (24 bytes).
    Removing stm32f10x_usart.o(.text), (24 bytes).
    Removing stm32f10x_usart.o(.text), (22 bytes).
    Removing stm32f10x_usart.o(.text), (24 bytes).
    Removing stm32f10x_usart.o(.text), (18 bytes).
    Removing stm32f10x_usart.o(.text), (24 bytes).
    Removing stm32f10x_usart.o(.text), (18 bytes).
    Removing stm32f10x_usart.o(.text), (84 bytes).
    Removing stm32f10x_usart.o(.text), (30 bytes).
    Removing stm32f10x_wwdg.o(.text), (22 bytes).
    Removing stm32f10x_wwdg.o(.text), (24 bytes).
    Removing stm32f10x_wwdg.o(.text), (40 bytes).
    Removing stm32f10x_wwdg.o(.text), (12 bytes).
    Removing stm32f10x_wwdg.o(.text), (16 bytes).
    Removing stm32f10x_wwdg.o(.text), (16 bytes).
    Removing stm32f10x_wwdg.o(.text), (12 bytes).
    Removing stm32f10x_wwdg.o(.text), (12 bytes).
    Removing bsp_rtc.o(.text), (36 bytes).
    Removing bsp_ili9341_lcd.o(.text), (24 bytes).
    Removing bsp_ili9341_lcd.o(.text), (136 bytes).
    Removing bsp_ili9341_lcd.o(.text), (104 bytes).
    Removing bsp_ili9341_lcd.o(.text), (24 bytes).
    Removing bsp_ili9341_lcd.o(.text), (12 bytes).
    Removing bsp_ili9341_lcd.o(.text), (32 bytes).
    Removing bsp_systick.o(.text), (124 bytes).
    Removing bsp_systick.o(.text), (40 bytes).
    Removing bsp_systick.o(.text), (24 bytes).
    Removing bsp_systick.o(.data), (4 bytes).
    Removing dfixul.o(.text), (48 bytes).
    Removing cdrcmple.o(.text), (48 bytes).

448 unused section(s) (total 18682 bytes) removed from the image.

==============================================================================

Image Symbol Table

    Local Symbols

    Symbol Name                              Value     Ov Type        Size  Object(Section)

    ../clib/../cmprslib/zerorunl2.c          0x00000000   Number         0  __dczerorl2.o ABSOLUTE
    ../clib/microlib/ctype/ctype.c           0x00000000   Number         0  ctype_c.o ABSOLUTE
    ../clib/microlib/ctype/ctype.c           0x00000000   Number         0  isspace_c.o ABSOLUTE
    ../clib/microlib/division.c              0x00000000   Number         0  uidiv.o ABSOLUTE
    ../clib/microlib/division.c              0x00000000   Number         0  uldiv.o ABSOLUTE
    ../clib/microlib/errno.c                 0x00000000   Number         0  errno.o ABSOLUTE
    ../clib/microlib/init/entry.s            0x00000000   Number         0  entry9b.o ABSOLUTE
    ../clib/microlib/init/entry.s            0x00000000   Number         0  entry8a.o ABSOLUTE
    ../clib/microlib/init/entry.s            0x00000000   Number         0  entry.o ABSOLUTE
    ../clib/microlib/init/entry.s            0x00000000   Number         0  entry8b.o ABSOLUTE
    ../clib/microlib/init/entry.s            0x00000000   Number         0  entry9a.o ABSOLUTE
    ../clib/microlib/init/entry.s            0x00000000   Number         0  entry2.o ABSOLUTE
    ../clib/microlib/init/entry.s            0x00000000   Number         0  entry7a.o ABSOLUTE
    ../clib/microlib/init/entry.s            0x00000000   Number         0  entry10a.o ABSOLUTE
    ../clib/microlib/init/entry.s            0x00000000   Number         0  entry10b.o ABSOLUTE
    ../clib/microlib/init/entry.s            0x00000000   Number         0  entry7b.o ABSOLUTE
    ../clib/microlib/init/entry.s            0x00000000   Number         0  entry11a.o ABSOLUTE
    ../clib/microlib/init/entry.s            0x00000000   Number         0  entry11b.o ABSOLUTE
    ../clib/microlib/init/entry.s            0x00000000   Number         0  entry5.o ABSOLUTE
    ../clib/microlib/longlong.c              0x00000000   Number         0  llsshr.o ABSOLUTE
    ../clib/microlib/longlong.c              0x00000000   Number         0  llshl.o ABSOLUTE
    ../clib/microlib/longlong.c              0x00000000   Number         0  llushr.o ABSOLUTE
    ../clib/microlib/printf/printf.c         0x00000000   Number         0  printf6.o ABSOLUTE
    ../clib/microlib/printf/printf.c         0x00000000   Number         0  printf0.o ABSOLUTE
    ../clib/microlib/printf/printf.c         0x00000000   Number         0  printfb.o ABSOLUTE
    ../clib/microlib/printf/printf.c         0x00000000   Number         0  printf7.o ABSOLUTE
    ../clib/microlib/printf/printf.c         0x00000000   Number         0  printf1.o ABSOLUTE
    ../clib/microlib/printf/printf.c         0x00000000   Number         0  printf2.o ABSOLUTE
    ../clib/microlib/printf/printf.c         0x00000000   Number         0  printf3.o ABSOLUTE
    ../clib/microlib/printf/printf.c         0x00000000   Number         0  printf8.o ABSOLUTE
    ../clib/microlib/printf/printf.c         0x00000000   Number         0  printfa.o ABSOLUTE
    ../clib/microlib/printf/printf.c         0x00000000   Number         0  printf4.o ABSOLUTE
    ../clib/microlib/printf/printf.c         0x00000000   Number         0  printf5.o ABSOLUTE
    ../clib/microlib/printf/stubs.s          0x00000000   Number         0  stubs.o ABSOLUTE
    ../clib/microlib/stdio/fgetc.c           0x00000000   Number         0  fgetc_b.o ABSOLUTE
    ../clib/microlib/stdio/semi.s            0x00000000   Number         0  semi.o ABSOLUTE
    ../clib/microlib/stdio/streams.c         0x00000000   Number         0  stdin.o ABSOLUTE
    ../clib/microlib/stdio/streams.c         0x00000000   Number         0  stdout.o ABSOLUTE
    ../clib/microlib/string/memcpy.c         0x00000000   Number         0  memcpyb.o ABSOLUTE
    ../clib/microlib/string/memcpy.c         0x00000000   Number         0  memcpya.o ABSOLUTE
    ../clib/microlib/stubs.s                 0x00000000   Number         0  iusesemig.o ABSOLUTE
    ../clib/microlib/stubs.s                 0x00000000   Number         0  iusefp.o ABSOLUTE
    ../clib/scanf.c                          0x00000000   Number         0  _scanf_int.o ABSOLUTE
    ../clib/scanf.c                          0x00000000   Number         0  __0scanf.o ABSOLUTE
    ../clib/scanf.c                          0x00000000   Number         0  _chval.o ABSOLUTE
    ../clib/scanf.c                          0x00000000   Number         0  _scanf.o ABSOLUTE
    ../clib/scanf.c                          0x00000000   Number         0  scanf_char_file.o ABSOLUTE
    ../clib/scanf.c                          0x00000000   Number         0  scanf_char.o ABSOLUTE
    ../fplib/microlib/fpadd.c                0x00000000   Number         0  dadd.o ABSOLUTE
    ../fplib/microlib/fpdiv.c                0x00000000   Number         0  ddiv.o ABSOLUTE
    ../fplib/microlib/fpepilogue.c           0x00000000   Number         0  depilogue.o ABSOLUTE
    ../fplib/microlib/fpfix.c                0x00000000   Number         0  dfixi.o ABSOLUTE
    ../fplib/microlib/fpfix.c                0x00000000   Number         0  dfixul.o ABSOLUTE
    ../fplib/microlib/fpflt.c                0x00000000   Number         0  dfltui.o ABSOLUTE
    ../fplib/microlib/fpflt.c                0x00000000   Number         0  dflti.o ABSOLUTE
    ../fplib/microlib/fpmul.c                0x00000000   Number         0  dmul.o ABSOLUTE
    ../fplib/microlib/fpscalb.c              0x00000000   Number         0  dscalb.o ABSOLUTE
    ../mathlib/cos.c                         0x00000000   Number         0  cos_x.o ABSOLUTE
    ../mathlib/cos.c                         0x00000000   Number         0  cos.o ABSOLUTE
    ../mathlib/cos_i.c                       0x00000000   Number         0  cos_i.o ABSOLUTE
    ../mathlib/dunder.c                      0x00000000   Number         0  dunder.o ABSOLUTE
    ../mathlib/fpclassify.c                  0x00000000   Number         0  fpclassify.o ABSOLUTE
    ../mathlib/poly.c                        0x00000000   Number         0  poly.o ABSOLUTE
    ../mathlib/rred.c                        0x00000000   Number         0  rred.o ABSOLUTE
    ../mathlib/sin.c                         0x00000000   Number         0  sin.o ABSOLUTE
    ../mathlib/sin.c                         0x00000000   Number         0  sin_x.o ABSOLUTE
    ../mathlib/sin_i.c                       0x00000000   Number         0  sin_i_x.o ABSOLUTE
    ../mathlib/sin_i.c                       0x00000000   Number         0  sin_i.o ABSOLUTE
    ..\..\Libraries\CMSIS\core_cm3.c         0x00000000   Number         0  core_cm3.o ABSOLUTE
    ..\..\Libraries\CMSIS\startup\startup_stm32f10x_hd.s 0x00000000   Number         0  startup_stm32f10x_hd.o ABSOLUTE
    ..\..\Libraries\CMSIS\system_stm32f10x.c 0x00000000   Number         0  system_stm32f10x.o ABSOLUTE
    ..\..\Libraries\FWlib\src\misc.c         0x00000000   Number         0  misc.o ABSOLUTE
    ..\..\Libraries\FWlib\src\stm32f10x_adc.c 0x00000000   Number         0  stm32f10x_adc.o ABSOLUTE
    ..\..\Libraries\FWlib\src\stm32f10x_bkp.c 0x00000000   Number         0  stm32f10x_bkp.o ABSOLUTE
    ..\..\Libraries\FWlib\src\stm32f10x_can.c 0x00000000   Number         0  stm32f10x_can.o ABSOLUTE
    ..\..\Libraries\FWlib\src\stm32f10x_cec.c 0x00000000   Number         0  stm32f10x_cec.o ABSOLUTE
    ..\..\Libraries\FWlib\src\stm32f10x_crc.c 0x00000000   Number         0  stm32f10x_crc.o ABSOLUTE
    ..\..\Libraries\FWlib\src\stm32f10x_dac.c 0x00000000   Number         0  stm32f10x_dac.o ABSOLUTE
    ..\..\Libraries\FWlib\src\stm32f10x_dbgmcu.c 0x00000000   Number         0  stm32f10x_dbgmcu.o ABSOLUTE
    ..\..\Libraries\FWlib\src\stm32f10x_dma.c 0x00000000   Number         0  stm32f10x_dma.o ABSOLUTE
    ..\..\Libraries\FWlib\src\stm32f10x_exti.c 0x00000000   Number         0  stm32f10x_exti.o ABSOLUTE
    ..\..\Libraries\FWlib\src\stm32f10x_flash.c 0x00000000   Number         0  stm32f10x_flash.o ABSOLUTE
    ..\..\Libraries\FWlib\src\stm32f10x_fsmc.c 0x00000000   Number         0  stm32f10x_fsmc.o ABSOLUTE
    ..\..\Libraries\FWlib\src\stm32f10x_gpio.c 0x00000000   Number         0  stm32f10x_gpio.o ABSOLUTE
    ..\..\Libraries\FWlib\src\stm32f10x_i2c.c 0x00000000   Number         0  stm32f10x_i2c.o ABSOLUTE
    ..\..\Libraries\FWlib\src\stm32f10x_iwdg.c 0x00000000   Number         0  stm32f10x_iwdg.o ABSOLUTE
    ..\..\Libraries\FWlib\src\stm32f10x_pwr.c 0x00000000   Number         0  stm32f10x_pwr.o ABSOLUTE
    ..\..\Libraries\FWlib\src\stm32f10x_rcc.c 0x00000000   Number         0  stm32f10x_rcc.o ABSOLUTE
    ..\..\Libraries\FWlib\src\stm32f10x_rtc.c 0x00000000   Number         0  stm32f10x_rtc.o ABSOLUTE
    ..\..\Libraries\FWlib\src\stm32f10x_sdio.c 0x00000000   Number         0  stm32f10x_sdio.o ABSOLUTE
    ..\..\Libraries\FWlib\src\stm32f10x_spi.c 0x00000000   Number         0  stm32f10x_spi.o ABSOLUTE
    ..\..\Libraries\FWlib\src\stm32f10x_tim.c 0x00000000   Number         0  stm32f10x_tim.o ABSOLUTE
    ..\..\Libraries\FWlib\src\stm32f10x_usart.c 0x00000000   Number         0  stm32f10x_usart.o ABSOLUTE
    ..\..\Libraries\FWlib\src\stm32f10x_wwdg.c 0x00000000   Number         0  stm32f10x_wwdg.o ABSOLUTE
    ..\..\User\Key\bsp_key.c                 0x00000000   Number         0  bsp_key.o ABSOLUTE
    ..\..\User\SysTick\bsp_SysTick.c         0x00000000   Number         0  bsp_systick.o ABSOLUTE
    ..\..\User\beep\bsp_beep.c               0x00000000   Number         0  bsp_beep.o ABSOLUTE
    ..\..\User\font\fonts.c                  0x00000000   Number         0  fonts.o ABSOLUTE
    ..\..\User\lcd\bsp_ili9341_lcd.c         0x00000000   Number         0  bsp_ili9341_lcd.o ABSOLUTE
    ..\..\User\main.c                        0x00000000   Number         0  main.o ABSOLUTE
    ..\..\User\rtc\bsp_calendar.c            0x00000000   Number         0  bsp_calendar.o ABSOLUTE
    ..\..\User\rtc\bsp_date.c                0x00000000   Number         0  bsp_date.o ABSOLUTE
    ..\..\User\rtc\bsp_rtc.c                 0x00000000   Number         0  bsp_rtc.o ABSOLUTE
    ..\..\User\stm32f10x_it.c                0x00000000   Number         0  stm32f10x_it.o ABSOLUTE
    ..\..\User\usart\bsp_usart.c             0x00000000   Number         0  bsp_usart.o ABSOLUTE
    ..\\..\\Libraries\\CMSIS\\core_cm3.c     0x00000000   Number         0  core_cm3.o ABSOLUTE
    cdrcmple.s                               0x00000000   Number         0  cdrcmple.o ABSOLUTE
    dc.s                                     0x00000000   Number         0  dc.o ABSOLUTE
    handlers.s                               0x00000000   Number         0  handlers.o ABSOLUTE
    init.s                                   0x00000000   Number         0  init.o ABSOLUTE
    RESET                                    0x08000000   Section      304  startup_stm32f10x_hd.o(RESET)
    .ARM.Collect$$$$00000000                 0x08000130   Section        0  entry.o(.ARM.Collect$$$$00000000)
    .ARM.Collect$$$$00000001                 0x08000130   Section        4  entry2.o(.ARM.Collect$$$$00000001)
    .ARM.Collect$$$$00000004                 0x08000134   Section        4  entry5.o(.ARM.Collect$$$$00000004)
    .ARM.Collect$$$$00000008                 0x08000138   Section        0  entry7b.o(.ARM.Collect$$$$00000008)
    .ARM.Collect$$$$0000000A                 0x08000138   Section        0  entry8b.o(.ARM.Collect$$$$0000000A)
    .ARM.Collect$$$$0000000B                 0x08000138   Section        8  entry9a.o(.ARM.Collect$$$$0000000B)
    .ARM.Collect$$$$0000000D                 0x08000140   Section        0  entry10a.o(.ARM.Collect$$$$0000000D)
    .ARM.Collect$$$$0000000F                 0x08000140   Section        0  entry11a.o(.ARM.Collect$$$$0000000F)
    .ARM.Collect$$$$00002712                 0x08000140   Section        4  entry2.o(.ARM.Collect$$$$00002712)
    __lit__00000000                          0x08000140   Data           4  entry2.o(.ARM.Collect$$$$00002712)
    .text                                    0x08000144   Section       36  startup_stm32f10x_hd.o(.text)
    .text                                    0x08000168   Section        0  system_stm32f10x.o(.text)
    SetSysClockTo72                          0x08000169   Thumb Code   214  system_stm32f10x.o(.text)
    SetSysClock                              0x0800023f   Thumb Code     8  system_stm32f10x.o(.text)
    .text                                    0x080002a8   Section        0  misc.o(.text)
    .text                                    0x08000328   Section        0  stm32f10x_bkp.o(.text)
    .text                                    0x0800036c   Section        0  stm32f10x_fsmc.o(.text)
    .text                                    0x08000484   Section        0  stm32f10x_gpio.o(.text)
    .text                                    0x080005b4   Section        0  stm32f10x_pwr.o(.text)
    .text                                    0x080005c0   Section        0  stm32f10x_rcc.o(.text)
    .text                                    0x08000750   Section        0  stm32f10x_rtc.o(.text)
    .text                                    0x0800085c   Section        0  stm32f10x_usart.o(.text)
    .text                                    0x08000978   Section        0  main.o(.text)
    .text                                    0x08000dd4   Section        0  stm32f10x_it.o(.text)
    .text                                    0x08000e28   Section        0  bsp_calendar.o(.text)
    .text                                    0x080014ac   Section        0  bsp_date.o(.text)
    .text                                    0x08001688   Section        0  bsp_rtc.o(.text)
    .text                                    0x08002434   Section        0  bsp_usart.o(.text)
    .text                                    0x080024f0   Section        0  bsp_ili9341_lcd.o(.text)
    ILI9341_Delay                            0x080024f1   Thumb Code    18  bsp_ili9341_lcd.o(.text)
    ILI9341_GPIO_Config                      0x08002503   Thumb Code   398  bsp_ili9341_lcd.o(.text)
    ILI9341_FSMC_Config                      0x08002691   Thumb Code    94  bsp_ili9341_lcd.o(.text)
    ILI9341_REG_Config                       0x080026ef   Thumb Code   570  bsp_ili9341_lcd.o(.text)
    ILI9341_SetCursor                        0x08002a99   Thumb Code    20  bsp_ili9341_lcd.o(.text)
    ILI9341_FillColor                        0x08002aad   Thumb Code    32  bsp_ili9341_lcd.o(.text)
    ILI9341_Read_PixelData                   0x08002b1f   Thumb Code    54  bsp_ili9341_lcd.o(.text)
    .text                                    0x08002ebc   Section        0  bsp_key.o(.text)
    .text                                    0x08002f24   Section        0  bsp_beep.o(.text)
    .text                                    0x08002f5c   Section        0  memcpya.o(.text)
    .text                                    0x08002f80   Section        0  __0scanf.o(.text)
    .text                                    0x08002fa0   Section        0  _scanf_int.o(.text)
    .text                                    0x080030ec   Section        0  dadd.o(.text)
    .text                                    0x0800323a   Section        0  dmul.o(.text)
    .text                                    0x0800331e   Section        0  ddiv.o(.text)
    .text                                    0x080033fc   Section        0  dflti.o(.text)
    .text                                    0x0800341e   Section        0  dfixi.o(.text)
    .text                                    0x0800345c   Section        0  uidiv.o(.text)
    .text                                    0x08003488   Section        0  llshl.o(.text)
    .text                                    0x080034a6   Section        0  llushr.o(.text)
    .text                                    0x080034c6   Section        0  llsshr.o(.text)
    .text                                    0x080034ea   Section        0  _chval.o(.text)
    .text                                    0x08003508   Section        0  scanf_char_file.o(.text)
    .text                                    0x0800351c   Section        0  iusefp.o(.text)
    .text                                    0x0800351c   Section        0  depilogue.o(.text)
    .text                                    0x080035d8   Section       36  init.o(.text)
    .text                                    0x080035fc   Section        0  fgetc_b.o(.text)
    .text                                    0x08003628   Section        0  scanf_char.o(.text)
    _scanf_char_input                        0x08003629   Thumb Code    12  scanf_char.o(.text)
    .text                                    0x08003650   Section        0  dscalb.o(.text)
    .text                                    0x0800367e   Section        0  dfltui.o(.text)
    .text                                    0x08003698   Section        0  isspace_c.o(.text)
    .text                                    0x08003698   Section        0  semi.o(.text)
    .text                                    0x080036a4   Section        0  _scanf.o(.text)
    .text                                    0x080039d0   Section        0  ctype_c.o(.text)
    .text                                    0x080039d0   Section        0  iusesemig.o(.text)
    .text                                    0x080039f8   Section        0  __dczerorl2.o(.text)
    i.ILI9341_Read_Data                      0x08003a50   Section        0  bsp_ili9341_lcd.o(i.ILI9341_Read_Data)
    i.ILI9341_Write_Cmd                      0x08003a5c   Section        0  bsp_ili9341_lcd.o(i.ILI9341_Write_Cmd)
    i.ILI9341_Write_Data                     0x08003a64   Section        0  bsp_ili9341_lcd.o(i.ILI9341_Write_Data)
    i.__0printf$3                            0x08003a70   Section        0  printf3.o(i.__0printf$3)
    i.__0sprintf$3                           0x08003a90   Section        0  printf3.o(i.__0sprintf$3)
    i.__ARM_fpclassify                       0x08003ab8   Section        0  fpclassify.o(i.__ARM_fpclassify)
    i.__ieee754_rem_pio2                     0x08003ae0   Section        0  rred.o(i.__ieee754_rem_pio2)
    i.__kernel_cos                           0x08003e68   Section        0  cos_i.o(i.__kernel_cos)
    i.__kernel_poly                          0x08003f64   Section        0  poly.o(i.__kernel_poly)
    i.__kernel_sin                           0x08004010   Section        0  sin_i.o(i.__kernel_sin)
    i.__mathlib_dbl_infnan                   0x080040fc   Section        0  dunder.o(i.__mathlib_dbl_infnan)
    i.__mathlib_dbl_invalid                  0x08004102   Section        0  dunder.o(i.__mathlib_dbl_invalid)
    i.__mathlib_dbl_underflow                0x08004110   Section        0  dunder.o(i.__mathlib_dbl_underflow)
    i.__scatterload_copy                     0x08004120   Section       14  handlers.o(i.__scatterload_copy)
    i.__scatterload_null                     0x0800412e   Section        2  handlers.o(i.__scatterload_null)
    i.__scatterload_zeroinit                 0x08004130   Section       14  handlers.o(i.__scatterload_zeroinit)
    i.__set_errno                            0x08004140   Section        0  errno.o(i.__set_errno)
    i._printf_core                           0x0800414c   Section        0  printf3.o(i._printf_core)
    _printf_core                             0x0800414d   Thumb Code   436  printf3.o(i._printf_core)
    i._sputc                                 0x08004304   Section        0  printf3.o(i._sputc)
    _sputc                                   0x08004305   Thumb Code    10  printf3.o(i._sputc)
    i.cos                                    0x08004310   Section        0  cos.o(i.cos)
    i.sin                                    0x080043ac   Section        0  sin.o(i.sin)
    .constdata                               0x0800444c   Section      814  bsp_calendar.o(.constdata)
    MonthDayMax                              0x0800476e   Data          12  bsp_calendar.o(.constdata)
    .constdata                               0x0800477c   Section       48  bsp_date.o(.constdata)
    .constdata                               0x080047ac   Section    15200  fonts.o(.constdata)
    .constdata                               0x08008310   Section       48  cos_i.o(.constdata)
    C                                        0x08008310   Data          48  cos_i.o(.constdata)
    .constdata                               0x08008340   Section      200  rred.o(.constdata)
    pio2s                                    0x08008340   Data          48  rred.o(.constdata)
    twooverpi                                0x08008370   Data         152  rred.o(.constdata)
    .constdata                               0x08008408   Section       40  sin_i.o(.constdata)
    S                                        0x08008408   Data          40  sin_i.o(.constdata)
    .constdata                               0x08008430   Section       64  ctype_c.o(.constdata)
    .conststring                             0x08008470   Section       66  main.o(.conststring)
    .conststring                             0x080084b4   Section      335  bsp_calendar.o(.conststring)
    .conststring                             0x08008604   Section      651  bsp_rtc.o(.conststring)
    .data                                    0x20000000   Section       20  stm32f10x_rcc.o(.data)
    APBAHBPrescTable                         0x20000000   Data          16  stm32f10x_rcc.o(.data)
    ADCPrescTable                            0x20000010   Data           4  stm32f10x_rcc.o(.data)
    .data                                    0x20000014   Section       64  main.o(.data)
    .data                                    0x20000054   Section      248  bsp_calendar.o(.data)
    .data                                    0x2000014c   Section       48  bsp_date.o(.data)
    month_days                               0x2000014c   Data          48  bsp_date.o(.data)
    .data                                    0x20000180   Section      300  bsp_rtc.o(.data)
    FirstDisplay                             0x200002a8   Data           4  bsp_rtc.o(.data)
    .data                                    0x200002ac   Section       16  bsp_ili9341_lcd.o(.data)
    LCD_Currentfonts                         0x200002b4   Data           4  bsp_ili9341_lcd.o(.data)
    CurrentTextColor                         0x200002b8   Data           2  bsp_ili9341_lcd.o(.data)
    CurrentBackColor                         0x200002ba   Data           2  bsp_ili9341_lcd.o(.data)
    .data                                    0x200002bc   Section       24  fonts.o(.data)
    .data                                    0x200002d4   Section        4  stdin.o(.data)
    .data                                    0x200002d8   Section        4  stdout.o(.data)
    .data                                    0x200002dc   Section        4  errno.o(.data)
    _errno                                   0x200002dc   Data           4  errno.o(.data)
    .data                                    0x200002e0   Section        3  fgetc_b.o(.data)
    ungetc_sp                                0x200002e0   Data           1  fgetc_b.o(.data)
    ungetc_stack                             0x200002e1   Data           2  fgetc_b.o(.data)
    STACK                                    0x200002e8   Section     1024  startup_stm32f10x_hd.o(STACK)

    Global Symbols

    Symbol Name                              Value     Ov Type        Size  Object(Section)

    BuildAttributes$$THM_ISAv4$P$D$K$B$S$PE$A:L22UL41UL21$X:L11$S22US41US21$IEEE1$IW$USESV6$~STKCKD$USESV7$~SHL$OTIME$ROPI$IEEEX$EBA8$MICROLIB$REQ8$PRES8$EABIv2 0x00000000   Number         0  anon$$obj.o ABSOLUTE
    __ARM_use_no_argv                        0x00000000   Number         0  main.o ABSOLUTE
    _printf_a                                0x00000000   Number         0  stubs.o ABSOLUTE
    _printf_c                                0x00000000   Number         0  stubs.o ABSOLUTE
    _printf_charcount                        0x00000000   Number         0  stubs.o ABSOLUTE
    _printf_d                                0x00000000   Number         0  stubs.o ABSOLUTE
    _printf_e                                0x00000000   Number         0  stubs.o ABSOLUTE
    _printf_f                                0x00000000   Number         0  stubs.o ABSOLUTE
    _printf_flags                            0x00000000   Number         0  stubs.o ABSOLUTE
    _printf_fp_dec                           0x00000000   Number         0  stubs.o ABSOLUTE
    _printf_fp_hex                           0x00000000   Number         0  stubs.o ABSOLUTE
    _printf_g                                0x00000000   Number         0  stubs.o ABSOLUTE
    _printf_i                                0x00000000   Number         0  stubs.o ABSOLUTE
    _printf_int_dec                          0x00000000   Number         0  stubs.o ABSOLUTE
    _printf_l                                0x00000000   Number         0  stubs.o ABSOLUTE
    _printf_lc                               0x00000000   Number         0  stubs.o ABSOLUTE
    _printf_ll                               0x00000000   Number         0  stubs.o ABSOLUTE
    _printf_lld                              0x00000000   Number         0  stubs.o ABSOLUTE
    _printf_lli                              0x00000000   Number         0  stubs.o ABSOLUTE
    _printf_llo                              0x00000000   Number         0  stubs.o ABSOLUTE
    _printf_llu                              0x00000000   Number         0  stubs.o ABSOLUTE
    _printf_llx                              0x00000000   Number         0  stubs.o ABSOLUTE
    _printf_longlong_dec                     0x00000000   Number         0  stubs.o ABSOLUTE
    _printf_longlong_hex                     0x00000000   Number         0  stubs.o ABSOLUTE
    _printf_longlong_oct                     0x00000000   Number         0  stubs.o ABSOLUTE
    _printf_ls                               0x00000000   Number         0  stubs.o ABSOLUTE
    _printf_mbtowc                           0x00000000   Number         0  stubs.o ABSOLUTE
    _printf_n                                0x00000000   Number         0  stubs.o ABSOLUTE
    _printf_o                                0x00000000   Number         0  stubs.o ABSOLUTE
    _printf_p                                0x00000000   Number         0  stubs.o ABSOLUTE
    _printf_percent                          0x00000000   Number         0  stubs.o ABSOLUTE
    _printf_pre_padding                      0x00000000   Number         0  stubs.o ABSOLUTE
    _printf_return_value                     0x00000000   Number         0  stubs.o ABSOLUTE
    _printf_s                                0x00000000   Number         0  stubs.o ABSOLUTE
    _printf_sizespec                         0x00000000   Number         0  stubs.o ABSOLUTE
    _printf_str                              0x00000000   Number         0  stubs.o ABSOLUTE
    _printf_truncate_signed                  0x00000000   Number         0  stubs.o ABSOLUTE
    _printf_truncate_unsigned                0x00000000   Number         0  stubs.o ABSOLUTE
    _printf_u                                0x00000000   Number         0  stubs.o ABSOLUTE
    _printf_wc                               0x00000000   Number         0  stubs.o ABSOLUTE
    _printf_wctomb                           0x00000000   Number         0  stubs.o ABSOLUTE
    _printf_widthprec                        0x00000000   Number         0  stubs.o ABSOLUTE
    _printf_x                                0x00000000   Number         0  stubs.o ABSOLUTE
    __cpp_initialize__aeabi_                  - Undefined Weak Reference
    __cxa_finalize                            - Undefined Weak Reference
    _clock_init                               - Undefined Weak Reference
    _microlib_exit                            - Undefined Weak Reference
    _scanf_longlong                           - Undefined Weak Reference
    _scanf_real                               - Undefined Weak Reference
    _scanf_string                             - Undefined Weak Reference
    __Vectors_Size                           0x00000130   Number         0  startup_stm32f10x_hd.o ABSOLUTE
    __Vectors                                0x08000000   Data           4  startup_stm32f10x_hd.o(RESET)
    __Vectors_End                            0x08000130   Data           0  startup_stm32f10x_hd.o(RESET)
    __main                                   0x08000131   Thumb Code     0  entry.o(.ARM.Collect$$$$00000000)
    _main_stk                                0x08000131   Thumb Code     0  entry2.o(.ARM.Collect$$$$00000001)
    _main_scatterload                        0x08000135   Thumb Code     0  entry5.o(.ARM.Collect$$$$00000004)
    __main_after_scatterload                 0x08000139   Thumb Code     0  entry5.o(.ARM.Collect$$$$00000004)
    _main_clock                              0x08000139   Thumb Code     0  entry7b.o(.ARM.Collect$$$$00000008)
    _main_cpp_init                           0x08000139   Thumb Code     0  entry8b.o(.ARM.Collect$$$$0000000A)
    _main_init                               0x08000139   Thumb Code     0  entry9a.o(.ARM.Collect$$$$0000000B)
    __rt_final_cpp                           0x08000141   Thumb Code     0  entry10a.o(.ARM.Collect$$$$0000000D)
    __rt_final_exit                          0x08000141   Thumb Code     0  entry11a.o(.ARM.Collect$$$$0000000F)
    Reset_Handler                            0x08000145   Thumb Code     8  startup_stm32f10x_hd.o(.text)
    ADC1_2_IRQHandler                        0x0800015f   Thumb Code     0  startup_stm32f10x_hd.o(.text)
    ADC3_IRQHandler                          0x0800015f   Thumb Code     0  startup_stm32f10x_hd.o(.text)
    CAN1_RX1_IRQHandler                      0x0800015f   Thumb Code     0  startup_stm32f10x_hd.o(.text)
    CAN1_SCE_IRQHandler                      0x0800015f   Thumb Code     0  startup_stm32f10x_hd.o(.text)
    DMA1_Channel1_IRQHandler                 0x0800015f   Thumb Code     0  startup_stm32f10x_hd.o(.text)
    DMA1_Channel2_IRQHandler                 0x0800015f   Thumb Code     0  startup_stm32f10x_hd.o(.text)
    DMA1_Channel3_IRQHandler                 0x0800015f   Thumb Code     0  startup_stm32f10x_hd.o(.text)
    DMA1_Channel4_IRQHandler                 0x0800015f   Thumb Code     0  startup_stm32f10x_hd.o(.text)
    DMA1_Channel5_IRQHandler                 0x0800015f   Thumb Code     0  startup_stm32f10x_hd.o(.text)
    DMA1_Channel6_IRQHandler                 0x0800015f   Thumb Code     0  startup_stm32f10x_hd.o(.text)
    DMA1_Channel7_IRQHandler                 0x0800015f   Thumb Code     0  startup_stm32f10x_hd.o(.text)
    DMA2_Channel1_IRQHandler                 0x0800015f   Thumb Code     0  startup_stm32f10x_hd.o(.text)
    DMA2_Channel2_IRQHandler                 0x0800015f   Thumb Code     0  startup_stm32f10x_hd.o(.text)
    DMA2_Channel3_IRQHandler                 0x0800015f   Thumb Code     0  startup_stm32f10x_hd.o(.text)
    DMA2_Channel4_5_IRQHandler               0x0800015f   Thumb Code     0  startup_stm32f10x_hd.o(.text)
    EXTI0_IRQHandler                         0x0800015f   Thumb Code     0  startup_stm32f10x_hd.o(.text)
    EXTI15_10_IRQHandler                     0x0800015f   Thumb Code     0  startup_stm32f10x_hd.o(.text)
    EXTI1_IRQHandler                         0x0800015f   Thumb Code     0  startup_stm32f10x_hd.o(.text)
    EXTI2_IRQHandler                         0x0800015f   Thumb Code     0  startup_stm32f10x_hd.o(.text)
    EXTI3_IRQHandler                         0x0800015f   Thumb Code     0  startup_stm32f10x_hd.o(.text)
    EXTI4_IRQHandler                         0x0800015f   Thumb Code     0  startup_stm32f10x_hd.o(.text)
    EXTI9_5_IRQHandler                       0x0800015f   Thumb Code     0  startup_stm32f10x_hd.o(.text)
    FLASH_IRQHandler                         0x0800015f   Thumb Code     0  startup_stm32f10x_hd.o(.text)
    FSMC_IRQHandler                          0x0800015f   Thumb Code     0  startup_stm32f10x_hd.o(.text)
    I2C1_ER_IRQHandler                       0x0800015f   Thumb Code     0  startup_stm32f10x_hd.o(.text)
    I2C1_EV_IRQHandler                       0x0800015f   Thumb Code     0  startup_stm32f10x_hd.o(.text)
    I2C2_ER_IRQHandler                       0x0800015f   Thumb Code     0  startup_stm32f10x_hd.o(.text)
    I2C2_EV_IRQHandler                       0x0800015f   Thumb Code     0  startup_stm32f10x_hd.o(.text)
    PVD_IRQHandler                           0x0800015f   Thumb Code     0  startup_stm32f10x_hd.o(.text)
    RCC_IRQHandler                           0x0800015f   Thumb Code     0  startup_stm32f10x_hd.o(.text)
    RTCAlarm_IRQHandler                      0x0800015f   Thumb Code     0  startup_stm32f10x_hd.o(.text)
    SDIO_IRQHandler                          0x0800015f   Thumb Code     0  startup_stm32f10x_hd.o(.text)
    SPI1_IRQHandler                          0x0800015f   Thumb Code     0  startup_stm32f10x_hd.o(.text)
    SPI2_IRQHandler                          0x0800015f   Thumb Code     0  startup_stm32f10x_hd.o(.text)
    SPI3_IRQHandler                          0x0800015f   Thumb Code     0  startup_stm32f10x_hd.o(.text)
    TAMPER_IRQHandler                        0x0800015f   Thumb Code     0  startup_stm32f10x_hd.o(.text)
    TIM1_BRK_IRQHandler                      0x0800015f   Thumb Code     0  startup_stm32f10x_hd.o(.text)
    TIM1_CC_IRQHandler                       0x0800015f   Thumb Code     0  startup_stm32f10x_hd.o(.text)
    TIM1_TRG_COM_IRQHandler                  0x0800015f   Thumb Code     0  startup_stm32f10x_hd.o(.text)
    TIM1_UP_IRQHandler                       0x0800015f   Thumb Code     0  startup_stm32f10x_hd.o(.text)
    TIM2_IRQHandler                          0x0800015f   Thumb Code     0  startup_stm32f10x_hd.o(.text)
    TIM3_IRQHandler                          0x0800015f   Thumb Code     0  startup_stm32f10x_hd.o(.text)
    TIM4_IRQHandler                          0x0800015f   Thumb Code     0  startup_stm32f10x_hd.o(.text)
    TIM5_IRQHandler                          0x0800015f   Thumb Code     0  startup_stm32f10x_hd.o(.text)
    TIM6_IRQHandler                          0x0800015f   Thumb Code     0  startup_stm32f10x_hd.o(.text)
    TIM7_IRQHandler                          0x0800015f   Thumb Code     0  startup_stm32f10x_hd.o(.text)
    TIM8_BRK_IRQHandler                      0x0800015f   Thumb Code     0  startup_stm32f10x_hd.o(.text)
    TIM8_CC_IRQHandler                       0x0800015f   Thumb Code     0  startup_stm32f10x_hd.o(.text)
    TIM8_TRG_COM_IRQHandler                  0x0800015f   Thumb Code     0  startup_stm32f10x_hd.o(.text)
    TIM8_UP_IRQHandler                       0x0800015f   Thumb Code     0  startup_stm32f10x_hd.o(.text)
    UART4_IRQHandler                         0x0800015f   Thumb Code     0  startup_stm32f10x_hd.o(.text)
    UART5_IRQHandler                         0x0800015f   Thumb Code     0  startup_stm32f10x_hd.o(.text)
    USART1_IRQHandler                        0x0800015f   Thumb Code     0  startup_stm32f10x_hd.o(.text)
    USART2_IRQHandler                        0x0800015f   Thumb Code     0  startup_stm32f10x_hd.o(.text)
    USART3_IRQHandler                        0x0800015f   Thumb Code     0  startup_stm32f10x_hd.o(.text)
    USBWakeUp_IRQHandler                     0x0800015f   Thumb Code     0  startup_stm32f10x_hd.o(.text)
    USB_HP_CAN1_TX_IRQHandler                0x0800015f   Thumb Code     0  startup_stm32f10x_hd.o(.text)
    USB_LP_CAN1_RX0_IRQHandler               0x0800015f   Thumb Code     0  startup_stm32f10x_hd.o(.text)
    WWDG_IRQHandler                          0x0800015f   Thumb Code     0  startup_stm32f10x_hd.o(.text)
    SystemInit                               0x08000247   Thumb Code    78  system_stm32f10x.o(.text)
    NVIC_PriorityGroupConfig                 0x080002a9   Thumb Code    10  misc.o(.text)
    NVIC_Init                                0x080002b3   Thumb Code   100  misc.o(.text)
    BKP_DeInit                               0x08000329   Thumb Code    16  stm32f10x_bkp.o(.text)
    BKP_WriteBackupRegister                  0x08000339   Thumb Code    22  stm32f10x_bkp.o(.text)
    BKP_ReadBackupRegister                   0x0800034f   Thumb Code    24  stm32f10x_bkp.o(.text)
    FSMC_NORSRAMInit                         0x0800036d   Thumb Code   230  stm32f10x_fsmc.o(.text)
    FSMC_NORSRAMCmd                          0x08000453   Thumb Code    46  stm32f10x_fsmc.o(.text)
    GPIO_Init                                0x08000485   Thumb Code   278  stm32f10x_gpio.o(.text)
    GPIO_ReadInputDataBit                    0x0800059b   Thumb Code    18  stm32f10x_gpio.o(.text)
    GPIO_SetBits                             0x080005ad   Thumb Code     4  stm32f10x_gpio.o(.text)
    GPIO_ResetBits                           0x080005b1   Thumb Code     4  stm32f10x_gpio.o(.text)
    PWR_BackupAccessCmd                      0x080005b5   Thumb Code     6  stm32f10x_pwr.o(.text)
    RCC_GetFlagStatus                        0x080005c1   Thumb Code    56  stm32f10x_rcc.o(.text)
    RCC_LSICmd                               0x080005f9   Thumb Code     6  stm32f10x_rcc.o(.text)
    RCC_RTCCLKConfig                         0x080005ff   Thumb Code    12  stm32f10x_rcc.o(.text)
    RCC_RTCCLKCmd                            0x0800060b   Thumb Code     8  stm32f10x_rcc.o(.text)
    RCC_GetClocksFreq                        0x08000613   Thumb Code   192  stm32f10x_rcc.o(.text)
    RCC_AHBPeriphClockCmd                    0x080006d3   Thumb Code    26  stm32f10x_rcc.o(.text)
    RCC_APB2PeriphClockCmd                   0x080006ed   Thumb Code    26  stm32f10x_rcc.o(.text)
    RCC_APB1PeriphClockCmd                   0x08000707   Thumb Code    26  stm32f10x_rcc.o(.text)
    RCC_BackupResetCmd                       0x08000721   Thumb Code     8  stm32f10x_rcc.o(.text)
    RCC_ClearFlag                            0x08000729   Thumb Code    14  stm32f10x_rcc.o(.text)
    RTC_ITConfig                             0x08000751   Thumb Code    26  stm32f10x_rtc.o(.text)
    RTC_EnterConfigMode                      0x0800076b   Thumb Code    18  stm32f10x_rtc.o(.text)
    RTC_ExitConfigMode                       0x0800077d   Thumb Code    20  stm32f10x_rtc.o(.text)
    RTC_GetCounter                           0x08000791   Thumb Code    18  stm32f10x_rtc.o(.text)
    RTC_SetCounter                           0x080007a3   Thumb Code    26  stm32f10x_rtc.o(.text)
    RTC_SetPrescaler                         0x080007bd   Thumb Code    28  stm32f10x_rtc.o(.text)
    RTC_SetAlarm                             0x080007d9   Thumb Code    26  stm32f10x_rtc.o(.text)
    RTC_WaitForLastTask                      0x080007f3   Thumb Code    18  stm32f10x_rtc.o(.text)
    RTC_WaitForSynchro                       0x08000805   Thumb Code    36  stm32f10x_rtc.o(.text)
    RTC_GetITStatus                          0x08000829   Thumb Code    32  stm32f10x_rtc.o(.text)
    RTC_ClearITPendingBit                    0x08000849   Thumb Code    16  stm32f10x_rtc.o(.text)
    USART_Init                               0x0800085d   Thumb Code   210  stm32f10x_usart.o(.text)
    USART_Cmd                                0x0800092f   Thumb Code    24  stm32f10x_usart.o(.text)
    USART_SendData                           0x08000947   Thumb Code     8  stm32f10x_usart.o(.text)
    USART_ReceiveData                        0x0800094f   Thumb Code    10  stm32f10x_usart.o(.text)
    USART_GetFlagStatus                      0x08000959   Thumb Code    26  stm32f10x_usart.o(.text)
    main                                     0x08000979   Thumb Code   772  main.o(.text)
    NMI_Handler                              0x08000dd5   Thumb Code     2  stm32f10x_it.o(.text)
    HardFault_Handler                        0x08000dd7   Thumb Code     4  stm32f10x_it.o(.text)
    MemManage_Handler                        0x08000ddb   Thumb Code     4  stm32f10x_it.o(.text)
    BusFault_Handler                         0x08000ddf   Thumb Code     4  stm32f10x_it.o(.text)
    UsageFault_Handler                       0x08000de3   Thumb Code     4  stm32f10x_it.o(.text)
    SVC_Handler                              0x08000de7   Thumb Code     2  stm32f10x_it.o(.text)
    DebugMon_Handler                         0x08000de9   Thumb Code     2  stm32f10x_it.o(.text)
    PendSV_Handler                           0x08000deb   Thumb Code     2  stm32f10x_it.o(.text)
    SysTick_Handler                          0x08000ded   Thumb Code     2  stm32f10x_it.o(.text)
    RTC_IRQHandler                           0x08000def   Thumb Code    48  stm32f10x_it.o(.text)
    GetMoonDay                               0x08000e29   Thumb Code   282  bsp_calendar.o(.text)
    GetChinaCalendar                         0x08000f43   Thumb Code   506  bsp_calendar.o(.text)
    GetSkyEarth                              0x0800113d   Thumb Code    56  bsp_calendar.o(.text)
    StrCopy                                  0x08001175   Thumb Code    24  bsp_calendar.o(.text)
    GetChinaCalendarStr                      0x0800118d   Thumb Code   296  bsp_calendar.o(.text)
    GetJieQi                                 0x080012b5   Thumb Code   158  bsp_calendar.o(.text)
    GetJieQiStr                              0x08001353   Thumb Code   300  bsp_calendar.o(.text)
    GregorianDay                             0x080014ad   Thumb Code   146  bsp_date.o(.text)
    mktimev                                  0x0800153f   Thumb Code   120  bsp_date.o(.text)
    to_tm                                    0x080015b7   Thumb Code   194  bsp_date.o(.text)
    RTC_NVIC_Config                          0x08001689   Thumb Code    42  bsp_rtc.o(.text)
    RTC_Configuration                        0x080016b3   Thumb Code    88  bsp_rtc.o(.text)
    Time_Adjust                              0x0800170b   Thumb Code    40  bsp_rtc.o(.text)
    RTC_CheckAndConfig                       0x08001733   Thumb Code   140  bsp_rtc.o(.text)
    Time_Regulate_Get                        0x080017bf   Thumb Code   452  bsp_rtc.o(.text)
    Time_Display                             0x08001983   Thumb Code  2646  bsp_rtc.o(.text)
    USART_Config                             0x08002435   Thumb Code   120  bsp_usart.o(.text)
    fputc                                    0x080024ad   Thumb Code    32  bsp_usart.o(.text)
    fgetc                                    0x080024cd   Thumb Code    26  bsp_usart.o(.text)
    ILI9341_GramScan                         0x08002929   Thumb Code   172  bsp_ili9341_lcd.o(.text)
    ILI9341_Rst                              0x080029d5   Thumb Code    36  bsp_ili9341_lcd.o(.text)
    ILI9341_BackLed_Control                  0x080029f9   Thumb Code    30  bsp_ili9341_lcd.o(.text)
    ILI9341_Init                             0x08002a17   Thumb Code    34  bsp_ili9341_lcd.o(.text)
    ILI9341_OpenWindow                       0x08002a39   Thumb Code    96  bsp_ili9341_lcd.o(.text)
    ILI9341_Clear                            0x08002acd   Thumb Code    40  bsp_ili9341_lcd.o(.text)
    ILI9341_SetPointPixel                    0x08002af5   Thumb Code    42  bsp_ili9341_lcd.o(.text)
    ILI9341_DrawLine                         0x08002b55   Thumb Code   160  bsp_ili9341_lcd.o(.text)
    ILI9341_DrawCircle                       0x08002bf5   Thumb Code   340  bsp_ili9341_lcd.o(.text)
    ILI9341_DispChar_EN                      0x08002d49   Thumb Code   138  bsp_ili9341_lcd.o(.text)
    ILI9341_DispStringLine_EN                0x08002dd3   Thumb Code    92  bsp_ili9341_lcd.o(.text)
    ILI9341_DispString_EN                    0x08002e2f   Thumb Code    92  bsp_ili9341_lcd.o(.text)
    LCD_SetFont                              0x08002e8b   Thumb Code     6  bsp_ili9341_lcd.o(.text)
    LCD_GetFont                              0x08002e91   Thumb Code     6  bsp_ili9341_lcd.o(.text)
    LCD_SetColors                            0x08002e97   Thumb Code    10  bsp_ili9341_lcd.o(.text)
    LCD_SetTextColor                         0x08002ea1   Thumb Code     6  bsp_ili9341_lcd.o(.text)
    Key_GPIO_Config                          0x08002ebd   Thumb Code    54  bsp_key.o(.text)
    Key_Scan                                 0x08002ef3   Thumb Code    40  bsp_key.o(.text)
    BEEP_GPIO_Config                         0x08002f25   Thumb Code    50  bsp_beep.o(.text)
    __aeabi_memcpy                           0x08002f5d   Thumb Code    36  memcpya.o(.text)
    __aeabi_memcpy4                          0x08002f5d   Thumb Code     0  memcpya.o(.text)
    __aeabi_memcpy8                          0x08002f5d   Thumb Code     0  memcpya.o(.text)
    __0scanf                                 0x08002f81   Thumb Code    26  __0scanf.o(.text)
    _scanf_int                               0x08002fa1   Thumb Code   332  _scanf_int.o(.text)
    __aeabi_dadd                             0x080030ed   Thumb Code   322  dadd.o(.text)
    __aeabi_dsub                             0x0800322f   Thumb Code     6  dadd.o(.text)
    __aeabi_drsub                            0x08003235   Thumb Code     6  dadd.o(.text)
    __aeabi_dmul                             0x0800323b   Thumb Code   228  dmul.o(.text)
    __aeabi_ddiv                             0x0800331f   Thumb Code   222  ddiv.o(.text)
    __aeabi_i2d                              0x080033fd   Thumb Code    34  dflti.o(.text)
    __aeabi_d2iz                             0x0800341f   Thumb Code    62  dfixi.o(.text)
    __aeabi_uidiv                            0x0800345d   Thumb Code     0  uidiv.o(.text)
    __aeabi_uidivmod                         0x0800345d   Thumb Code    44  uidiv.o(.text)
    __aeabi_llsl                             0x08003489   Thumb Code    30  llshl.o(.text)
    _ll_shift_l                              0x08003489   Thumb Code     0  llshl.o(.text)
    __aeabi_llsr                             0x080034a7   Thumb Code    32  llushr.o(.text)
    _ll_ushift_r                             0x080034a7   Thumb Code     0  llushr.o(.text)
    __aeabi_lasr                             0x080034c7   Thumb Code    36  llsshr.o(.text)
    _ll_sshift_r                             0x080034c7   Thumb Code     0  llsshr.o(.text)
    _chval                                   0x080034eb   Thumb Code    28  _chval.o(.text)
    __vfscanf_char_file                      0x08003509   Thumb Code    12  scanf_char_file.o(.text)
    __I$use$fp                               0x0800351d   Thumb Code     0  iusefp.o(.text)
    _double_round                            0x0800351d   Thumb Code    30  depilogue.o(.text)
    _double_epilogue                         0x0800353b   Thumb Code   156  depilogue.o(.text)
    __scatterload                            0x080035d9   Thumb Code    28  init.o(.text)
    __scatterload_rt2                        0x080035d9   Thumb Code     0  init.o(.text)
    _fgetc$bs                                0x080035fd   Thumb Code    28  fgetc_b.o(.text)
    __backspace                              0x08003619   Thumb Code    10  fgetc_b.o(.text)
    __vfscanf_char                           0x08003635   Thumb Code    20  scanf_char.o(.text)
    __ARM_scalbn                             0x08003651   Thumb Code    46  dscalb.o(.text)
    scalbn                                   0x08003651   Thumb Code     0  dscalb.o(.text)
    __aeabi_ui2d                             0x0800367f   Thumb Code    26  dfltui.o(.text)
    __semihosting_library_function           0x08003699   Thumb Code     0  semi.o(.text)
    isspace                                  0x08003699   Thumb Code    10  isspace_c.o(.text)
    __vfscanf                                0x080036a5   Thumb Code   808  _scanf.o(.text)
    __I$use$semihosting$fgetc                0x080039d1   Thumb Code     0  iusesemig.o(.text)
    __ctype_lookup                           0x080039d1   Thumb Code    34  ctype_c.o(.text)
    __decompress                             0x080039f9   Thumb Code     0  __dczerorl2.o(.text)
    __decompress1                            0x080039f9   Thumb Code    86  __dczerorl2.o(.text)
    ILI9341_Read_Data                        0x08003a51   Thumb Code     6  bsp_ili9341_lcd.o(i.ILI9341_Read_Data)
    ILI9341_Write_Cmd                        0x08003a5d   Thumb Code     8  bsp_ili9341_lcd.o(i.ILI9341_Write_Cmd)
    ILI9341_Write_Data                       0x08003a65   Thumb Code     6  bsp_ili9341_lcd.o(i.ILI9341_Write_Data)
    __0printf$3                              0x08003a71   Thumb Code    22  printf3.o(i.__0printf$3)
    __1printf$3                              0x08003a71   Thumb Code     0  printf3.o(i.__0printf$3)
    __2printf                                0x08003a71   Thumb Code     0  printf3.o(i.__0printf$3)
    __0sprintf$3                             0x08003a91   Thumb Code    34  printf3.o(i.__0sprintf$3)
    __1sprintf$3                             0x08003a91   Thumb Code     0  printf3.o(i.__0sprintf$3)
    __2sprintf                               0x08003a91   Thumb Code     0  printf3.o(i.__0sprintf$3)
    __ARM_fpclassify                         0x08003ab9   Thumb Code    40  fpclassify.o(i.__ARM_fpclassify)
    __ieee754_rem_pio2                       0x08003ae1   Thumb Code   828  rred.o(i.__ieee754_rem_pio2)
    __kernel_cos                             0x08003e69   Thumb Code   230  cos_i.o(i.__kernel_cos)
    __kernel_poly                            0x08003f65   Thumb Code   170  poly.o(i.__kernel_poly)
    __kernel_sin                             0x08004011   Thumb Code   224  sin_i.o(i.__kernel_sin)
    __mathlib_dbl_infnan                     0x080040fd   Thumb Code     6  dunder.o(i.__mathlib_dbl_infnan)
    __mathlib_dbl_invalid                    0x08004103   Thumb Code    12  dunder.o(i.__mathlib_dbl_invalid)
    __mathlib_dbl_underflow                  0x08004111   Thumb Code    10  dunder.o(i.__mathlib_dbl_underflow)
    __scatterload_copy                       0x08004121   Thumb Code    14  handlers.o(i.__scatterload_copy)
    __scatterload_null                       0x0800412f   Thumb Code     2  handlers.o(i.__scatterload_null)
    __scatterload_zeroinit                   0x08004131   Thumb Code    14  handlers.o(i.__scatterload_zeroinit)
    __set_errno                              0x08004141   Thumb Code     6  errno.o(i.__set_errno)
    cos                                      0x08004311   Thumb Code   148  cos.o(i.cos)
    sin                                      0x080043ad   Thumb Code   150  sin.o(i.sin)
    year_code                                0x0800444c   Data         597  bsp_calendar.o(.constdata)
    YearMonthBit                             0x080046a1   Data         153  bsp_calendar.o(.constdata)
    days                                     0x0800473a   Data          24  bsp_calendar.o(.constdata)
    day_code1                                0x08004752   Data           9  bsp_calendar.o(.constdata)
    day_code2                                0x0800475c   Data           6  bsp_calendar.o(.constdata)
    table_week                               0x08004762   Data          12  bsp_calendar.o(.constdata)
    ASCII8x16_Table                          0x080047ac   Data        1520  fonts.o(.constdata)
    ASCII16x24_Table                         0x08004d9c   Data        4560  fonts.o(.constdata)
    ASCII24x32_Table                         0x08005f6c   Data        9120  fonts.o(.constdata)
    __ctype_categories                       0x08008430   Data          64  ctype_c.o(.constdata)
    Region$$Table$$Base                      0x08008890   Number         0  anon$$obj.o(Region$$Table)
    Region$$Table$$Limit                     0x080088b0   Number         0  anon$$obj.o(Region$$Table)
    xua                                      0x20000014   Data           4  main.o(.data)
    day_max                                  0x20000018   Data           4  main.o(.data)
    systmtime                                0x2000001c   Data          28  main.o(.data)
    clocktime                                0x20000038   Data          28  main.o(.data)
    JieQiStr                                 0x20000054   Data          96  bsp_calendar.o(.data)
    sky                                      0x200000b4   Data          40  bsp_calendar.o(.data)
    earth                                    0x200000dc   Data          48  bsp_calendar.o(.data)
    monthcode                                0x2000010c   Data          48  bsp_calendar.o(.data)
    nongliday                                0x2000013c   Data          16  bsp_calendar.o(.data)
    a                                        0x20000180   Data           4  bsp_rtc.o(.data)
    b                                        0x20000184   Data           4  bsp_rtc.o(.data)
    a1                                       0x20000188   Data           4  bsp_rtc.o(.data)
    b1                                       0x2000018c   Data           4  bsp_rtc.o(.data)
    n                                        0x20000190   Data           4  bsp_rtc.o(.data)
    flag                                     0x20000194   Data           4  bsp_rtc.o(.data)
    a_hour                                   0x20000198   Data           8  bsp_rtc.o(.data)
    a_min                                    0x200001a0   Data           8  bsp_rtc.o(.data)
    a_sec                                    0x200001a8   Data           8  bsp_rtc.o(.data)
    x_hour                                   0x200001b0   Data           4  bsp_rtc.o(.data)
    y_hour                                   0x200001b4   Data           4  bsp_rtc.o(.data)
    x_min                                    0x200001b8   Data           4  bsp_rtc.o(.data)
    y_min                                    0x200001bc   Data           4  bsp_rtc.o(.data)
    x_sec                                    0x200001c0   Data           4  bsp_rtc.o(.data)
    y_sec                                    0x200001c4   Data           4  bsp_rtc.o(.data)
    x_hour1                                  0x200001c8   Data           4  bsp_rtc.o(.data)
    y_hour1                                  0x200001cc   Data           4  bsp_rtc.o(.data)
    x_min1                                   0x200001d0   Data           4  bsp_rtc.o(.data)
    y_min1                                   0x200001d4   Data           4  bsp_rtc.o(.data)
    x_sec1                                   0x200001d8   Data           4  bsp_rtc.o(.data)
    y_sec1                                   0x200001dc   Data           4  bsp_rtc.o(.data)
    r_hour                                   0x200001e0   Data           4  bsp_rtc.o(.data)
    r_min                                    0x200001e4   Data           4  bsp_rtc.o(.data)
    r_sec                                    0x200001e8   Data           4  bsp_rtc.o(.data)
    r_year                                   0x200001ec   Data           4  bsp_rtc.o(.data)
    r_mon                                    0x200001f0   Data           4  bsp_rtc.o(.data)
    r_day                                    0x200001f4   Data           4  bsp_rtc.o(.data)
    r_mday                                   0x200001f8   Data           4  bsp_rtc.o(.data)
    hour1                                    0x200001fc   Data           4  bsp_rtc.o(.data)
    min1                                     0x20000200   Data           4  bsp_rtc.o(.data)
    sec1                                     0x20000204   Data           4  bsp_rtc.o(.data)
    TimeDisplay                              0x20000208   Data           4  bsp_rtc.o(.data)
    TimeAlarm                                0x2000020c   Data           4  bsp_rtc.o(.data)
    WEEK_STR                                 0x20000210   Data          28  bsp_rtc.o(.data)
    zodiac_sign                              0x2000022c   Data          48  bsp_rtc.o(.data)
    en_WEEK_STR                              0x2000025c   Data          28  bsp_rtc.o(.data)
    en_zodiac_sign                           0x20000278   Data          48  bsp_rtc.o(.data)
    LCD_X_LENGTH                             0x200002ac   Data           2  bsp_ili9341_lcd.o(.data)
    LCD_Y_LENGTH                             0x200002ae   Data           2  bsp_ili9341_lcd.o(.data)
    LCD_SCAN_MODE                            0x200002b0   Data           1  bsp_ili9341_lcd.o(.data)
    Font8x16                                 0x200002bc   Data           8  fonts.o(.data)
    Font16x24                                0x200002c4   Data           8  fonts.o(.data)
    Font24x32                                0x200002cc   Data           8  fonts.o(.data)
    __stdin                                  0x200002d4   Data           4  stdin.o(.data)
    __stdout                                 0x200002d8   Data           4  stdout.o(.data)
    __initial_sp                             0x200006e8   Data           0  startup_stm32f10x_hd.o(STACK)



==============================================================================

Memory Map of the image

  Image Entry point : 0x08000131

  Load Region LR_IROM1 (Base: 0x08000000, Size: 0x00008b94, Max: 0x00080000, ABSOLUTE, COMPRESSED[0x00008a30])

    Execution Region ER_IROM1 (Exec base: 0x08000000, Load base: 0x08000000, Size: 0x000088b0, Max: 0x00080000, ABSOLUTE)

    Exec Addr    Load Addr    Size         Type   Attr      Idx    E Section Name        Object

    0x08000000   0x08000000   0x00000130   Data   RO            3    RESET               startup_stm32f10x_hd.o
    0x08000130   0x08000130   0x00000000   Code   RO         3200  * .ARM.Collect$$$$00000000  mc_w.l(entry.o)
    0x08000130   0x08000130   0x00000004   Code   RO         3510    .ARM.Collect$$$$00000001  mc_w.l(entry2.o)
    0x08000134   0x08000134   0x00000004   Code   RO         3513    .ARM.Collect$$$$00000004  mc_w.l(entry5.o)
    0x08000138   0x08000138   0x00000000   Code   RO         3515    .ARM.Collect$$$$00000008  mc_w.l(entry7b.o)
    0x08000138   0x08000138   0x00000000   Code   RO         3517    .ARM.Collect$$$$0000000A  mc_w.l(entry8b.o)
    0x08000138   0x08000138   0x00000008   Code   RO         3518    .ARM.Collect$$$$0000000B  mc_w.l(entry9a.o)
    0x08000140   0x08000140   0x00000000   Code   RO         3520    .ARM.Collect$$$$0000000D  mc_w.l(entry10a.o)
    0x08000140   0x08000140   0x00000000   Code   RO         3522    .ARM.Collect$$$$0000000F  mc_w.l(entry11a.o)
    0x08000140   0x08000140   0x00000004   Code   RO         3511    .ARM.Collect$$$$00002712  mc_w.l(entry2.o)
    0x08000144   0x08000144   0x00000024   Code   RO            4    .text               startup_stm32f10x_hd.o
    0x08000168   0x08000168   0x00000140   Code   RO           24    .text               system_stm32f10x.o
    0x080002a8   0x080002a8   0x00000080   Code   RO          127    .text               misc.o
    0x08000328   0x08000328   0x00000044   Code   RO          383    .text               stm32f10x_bkp.o
    0x0800036c   0x0800036c   0x00000118   Code   RO         1141    .text               stm32f10x_fsmc.o
    0x08000484   0x08000484   0x00000130   Code   RO         1254    .text               stm32f10x_gpio.o
    0x080005b4   0x080005b4   0x0000000c   Code   RO         1595    .text               stm32f10x_pwr.o
    0x080005c0   0x080005c0   0x00000190   Code   RO         1656    .text               stm32f10x_rcc.o
    0x08000750   0x08000750   0x0000010c   Code   RO         1800    .text               stm32f10x_rtc.o
    0x0800085c   0x0800085c   0x0000011c   Code   RO         2694    .text               stm32f10x_usart.o
    0x08000978   0x08000978   0x0000045c   Code   RO         2903    .text               main.o
    0x08000dd4   0x08000dd4   0x00000054   Code   RO         2953    .text               stm32f10x_it.o
    0x08000e28   0x08000e28   0x00000684   Code   RO         2969    .text               bsp_calendar.o
    0x080014ac   0x080014ac   0x000001dc   Code   RO         2986    .text               bsp_date.o
    0x08001688   0x08001688   0x00000dac   Code   RO         3001    .text               bsp_rtc.o
    0x08002434   0x08002434   0x000000bc   Code   RO         3027    .text               bsp_usart.o
    0x080024f0   0x080024f0   0x000009cc   Code   RO         3039    .text               bsp_ili9341_lcd.o
    0x08002ebc   0x08002ebc   0x00000068   Code   RO         3130    .text               bsp_key.o
    0x08002f24   0x08002f24   0x00000038   Code   RO         3142    .text               bsp_beep.o
    0x08002f5c   0x08002f5c   0x00000024   Code   RO         3203    .text               mc_w.l(memcpya.o)
    0x08002f80   0x08002f80   0x00000020   Code   RO         3468    .text               mc_w.l(__0scanf.o)
    0x08002fa0   0x08002fa0   0x0000014c   Code   RO         3470    .text               mc_w.l(_scanf_int.o)
    0x080030ec   0x080030ec   0x0000014e   Code   RO         3472    .text               mf_w.l(dadd.o)
    0x0800323a   0x0800323a   0x000000e4   Code   RO         3474    .text               mf_w.l(dmul.o)
    0x0800331e   0x0800331e   0x000000de   Code   RO         3476    .text               mf_w.l(ddiv.o)
    0x080033fc   0x080033fc   0x00000022   Code   RO         3478    .text               mf_w.l(dflti.o)
    0x0800341e   0x0800341e   0x0000003e   Code   RO         3480    .text               mf_w.l(dfixi.o)
    0x0800345c   0x0800345c   0x0000002c   Code   RO         3526    .text               mc_w.l(uidiv.o)
    0x08003488   0x08003488   0x0000001e   Code   RO         3530    .text               mc_w.l(llshl.o)
    0x080034a6   0x080034a6   0x00000020   Code   RO         3532    .text               mc_w.l(llushr.o)
    0x080034c6   0x080034c6   0x00000024   Code   RO         3534    .text               mc_w.l(llsshr.o)
    0x080034ea   0x080034ea   0x0000001c   Code   RO         3543    .text               mc_w.l(_chval.o)
    0x08003506   0x08003506   0x00000002   PAD
    0x08003508   0x08003508   0x00000014   Code   RO         3545    .text               mc_w.l(scanf_char_file.o)
    0x0800351c   0x0800351c   0x00000000   Code   RO         3547    .text               mc_w.l(iusefp.o)
    0x0800351c   0x0800351c   0x000000ba   Code   RO         3548    .text               mf_w.l(depilogue.o)
    0x080035d6   0x080035d6   0x00000002   PAD
    0x080035d8   0x080035d8   0x00000024   Code   RO         3558    .text               mc_w.l(init.o)
    0x080035fc   0x080035fc   0x0000002c   Code   RO         3560    .text               mc_w.l(fgetc_b.o)
    0x08003628   0x08003628   0x00000028   Code   RO         3563    .text               mc_w.l(scanf_char.o)
    0x08003650   0x08003650   0x0000002e   Code   RO         3565    .text               mf_w.l(dscalb.o)
    0x0800367e   0x0800367e   0x0000001a   Code   RO         3567    .text               mf_w.l(dfltui.o)
    0x08003698   0x08003698   0x00000000   Code   RO         3569    .text               mc_w.l(semi.o)
    0x08003698   0x08003698   0x0000000a   Code   RO         3570    .text               mc_w.l(isspace_c.o)
    0x080036a2   0x080036a2   0x00000002   PAD
    0x080036a4   0x080036a4   0x0000032c   Code   RO         3572    .text               mc_w.l(_scanf.o)
    0x080039d0   0x080039d0   0x00000000   Code   RO         3574    .text               mc_w.l(iusesemig.o)
    0x080039d0   0x080039d0   0x00000028   Code   RO         3575    .text               mc_w.l(ctype_c.o)
    0x080039f8   0x080039f8   0x00000056   Code   RO         3586    .text               mc_w.l(__dczerorl2.o)
    0x08003a4e   0x08003a4e   0x00000002   PAD
    0x08003a50   0x08003a50   0x0000000c   Code   RO         3097    i.ILI9341_Read_Data  bsp_ili9341_lcd.o
    0x08003a5c   0x08003a5c   0x00000008   Code   RO         3087    i.ILI9341_Write_Cmd  bsp_ili9341_lcd.o
    0x08003a64   0x08003a64   0x0000000c   Code   RO         3092    i.ILI9341_Write_Data  bsp_ili9341_lcd.o
    0x08003a70   0x08003a70   0x00000020   Code   RO         3296    i.__0printf$3       mc_w.l(printf3.o)
    0x08003a90   0x08003a90   0x00000028   Code   RO         3298    i.__0sprintf$3      mc_w.l(printf3.o)
    0x08003ab8   0x08003ab8   0x00000028   Code   RO         3554    i.__ARM_fpclassify  m_ws.l(fpclassify.o)
    0x08003ae0   0x08003ae0   0x00000388   Code   RO         3499    i.__ieee754_rem_pio2  m_ws.l(rred.o)
    0x08003e68   0x08003e68   0x000000fc   Code   RO         3482    i.__kernel_cos      m_ws.l(cos_i.o)
    0x08003f64   0x08003f64   0x000000aa   Code   RO         3556    i.__kernel_poly     m_ws.l(poly.o)
    0x0800400e   0x0800400e   0x00000002   PAD
    0x08004010   0x08004010   0x000000ec   Code   RO         3504    i.__kernel_sin      m_ws.l(sin_i.o)
    0x080040fc   0x080040fc   0x00000006   Code   RO         3486    i.__mathlib_dbl_infnan  m_ws.l(dunder.o)
    0x08004102   0x08004102   0x0000000c   Code   RO         3488    i.__mathlib_dbl_invalid  m_ws.l(dunder.o)
    0x0800410e   0x0800410e   0x00000002   PAD
    0x08004110   0x08004110   0x00000010   Code   RO         3491    i.__mathlib_dbl_underflow  m_ws.l(dunder.o)
    0x08004120   0x08004120   0x0000000e   Code   RO         3580    i.__scatterload_copy  mc_w.l(handlers.o)
    0x0800412e   0x0800412e   0x00000002   Code   RO         3581    i.__scatterload_null  mc_w.l(handlers.o)
    0x08004130   0x08004130   0x0000000e   Code   RO         3582    i.__scatterload_zeroinit  mc_w.l(handlers.o)
    0x0800413e   0x0800413e   0x00000002   PAD
    0x08004140   0x08004140   0x0000000c   Code   RO         3538    i.__set_errno       mc_w.l(errno.o)
    0x0800414c   0x0800414c   0x000001b8   Code   RO         3303    i._printf_core      mc_w.l(printf3.o)
    0x08004304   0x08004304   0x0000000a   Code   RO         3305    i._sputc            mc_w.l(printf3.o)
    0x0800430e   0x0800430e   0x00000002   PAD
    0x08004310   0x08004310   0x0000009c   Code   RO         3185    i.cos               m_ws.l(cos.o)
    0x080043ac   0x080043ac   0x000000a0   Code   RO         3193    i.sin               m_ws.l(sin.o)
    0x0800444c   0x0800444c   0x0000032e   Data   RO         2970    .constdata          bsp_calendar.o
    0x0800477a   0x0800477a   0x00000002   PAD
    0x0800477c   0x0800477c   0x00000030   Data   RO         2987    .constdata          bsp_date.o
    0x080047ac   0x080047ac   0x00003b60   Data   RO         3117    .constdata          fonts.o
    0x0800830c   0x0800830c   0x00000004   PAD
    0x08008310   0x08008310   0x00000030   Data   RO         3483    .constdata          m_ws.l(cos_i.o)
    0x08008340   0x08008340   0x000000c8   Data   RO         3501    .constdata          m_ws.l(rred.o)
    0x08008408   0x08008408   0x00000028   Data   RO         3505    .constdata          m_ws.l(sin_i.o)
    0x08008430   0x08008430   0x00000040   Data   RO         3576    .constdata          mc_w.l(ctype_c.o)
    0x08008470   0x08008470   0x00000042   Data   RO         2904    .conststring        main.o
    0x080084b2   0x080084b2   0x00000002   PAD
    0x080084b4   0x080084b4   0x0000014f   Data   RO         2971    .conststring        bsp_calendar.o
    0x08008603   0x08008603   0x00000001   PAD
    0x08008604   0x08008604   0x0000028b   Data   RO         3003    .conststring        bsp_rtc.o
    0x0800888f   0x0800888f   0x00000001   PAD
    0x08008890   0x08008890   0x00000020   Data   RO         3578    Region$$Table       anon$$obj.o


    Execution Region RW_IRAM1 (Exec base: 0x20000000, Load base: 0x080088b0, Size: 0x000006e8, Max: 0x00010000, ABSOLUTE, COMPRESSED[0x00000180])

    Exec Addr    Load Addr    Size         Type   Attr      Idx    E Section Name        Object

    0x20000000   COMPRESSED   0x00000014   Data   RW         1677    .data               stm32f10x_rcc.o
    0x20000014   COMPRESSED   0x00000040   Data   RW         2905    .data               main.o
    0x20000054   COMPRESSED   0x000000f8   Data   RW         2972    .data               bsp_calendar.o
    0x2000014c   COMPRESSED   0x00000030   Data   RW         2988    .data               bsp_date.o
    0x2000017c   COMPRESSED   0x00000004   PAD
    0x20000180   COMPRESSED   0x0000012c   Data   RW         3004    .data               bsp_rtc.o
    0x200002ac   COMPRESSED   0x00000010   Data   RW         3046    .data               bsp_ili9341_lcd.o
    0x200002bc   COMPRESSED   0x00000018   Data   RW         3118    .data               fonts.o
    0x200002d4   COMPRESSED   0x00000004   Data   RW         3524    .data               mc_w.l(stdin.o)
    0x200002d8   COMPRESSED   0x00000004   Data   RW         3525    .data               mc_w.l(stdout.o)
    0x200002dc   COMPRESSED   0x00000004   Data   RW         3539    .data               mc_w.l(errno.o)
    0x200002e0   COMPRESSED   0x00000003   Data   RW         3561    .data               mc_w.l(fgetc_b.o)
    0x200002e3   COMPRESSED   0x00000005   PAD
    0x200002e8        -       0x00000400   Zero   RW            1    STACK               startup_stm32f10x_hd.o


==============================================================================

Image component sizes


      Code (inc. data)   RO Data    RW Data    ZI Data      Debug   Object Name

        56          6          0          0          0        511   bsp_beep.o
      1668        102       1149        248          0       5115   bsp_calendar.o
       476         16         48         48          0       1941   bsp_date.o
      2540         76          0         16          0      10161   bsp_ili9341_lcd.o
       104         10          0          0          0       1083   bsp_key.o
      3500        766        651        300          0       4249   bsp_rtc.o
       188         10          0          0          0       1023   bsp_usart.o
         0          0          0          0          0       4508   core_cm3.o
         0          0      15200         24          0       1313   fonts.o
      1116        358         66         64          0       3708   main.o
       128         18          0          0          0       1253   misc.o
        36          8        304          0       1024        864   startup_stm32f10x_hd.o
        68          6          0          0          0       2024   stm32f10x_bkp.o
       280          4          0          0          0       1519   stm32f10x_fsmc.o
       304          0          0          0          0       2622   stm32f10x_gpio.o
        84         10          0          0          0       1421   stm32f10x_it.o
        12          6          0          0          0        518   stm32f10x_pwr.o
       400         26          0         20          0       5013   stm32f10x_rcc.o
       268          4          0          0          0       2239   stm32f10x_rtc.o
       284          6          0          0          0       3212   stm32f10x_usart.o
       320         20          0          0          0     237297   system_stm32f10x.o

    ----------------------------------------------------------------------
     11832       1452      17460        724       1024     291594   Object Totals
         0          0         32          0          0          0   (incl. Generated)
         0          0         10          4          0          0   (incl. Padding)

    ----------------------------------------------------------------------

      Code (inc. data)   RO Data    RW Data    ZI Data      Debug   Library Member Name

       156          8          0          0          0        104   cos.o
       252         22         48          0          0        124   cos_i.o
        34          6          0          0          0        204   dunder.o
        40          0          0          0          0         68   fpclassify.o
       170          0          0          0          0         96   poly.o
       904         76        200          0          0        140   rred.o
       160         10          0          0          0        108   sin.o
       236         12         40          0          0        128   sin_i.o
        32          6          0          0          0         84   __0scanf.o
        86          0          0          0          0          0   __dczerorl2.o
        28          0          0          0          0         68   _chval.o
       812          4          0          0          0        112   _scanf.o
       332          0          0          0          0         96   _scanf_int.o
        40          6         64          0          0         68   ctype_c.o
         0          0          0          0          0          0   entry.o
         0          0          0          0          0          0   entry10a.o
         0          0          0          0          0          0   entry11a.o
         8          4          0          0          0          0   entry2.o
         4          0          0          0          0          0   entry5.o
         0          0          0          0          0          0   entry7b.o
         0          0          0          0          0          0   entry8b.o
         8          4          0          0          0          0   entry9a.o
        12          6          0          4          0         68   errno.o
        44          6          0          3          0        144   fgetc_b.o
        30          0          0          0          0          0   handlers.o
        36          8          0          0          0         68   init.o
        10          0          0          0          0         68   isspace_c.o
         0          0          0          0          0          0   iusefp.o
         0          0          0          0          0          0   iusesemig.o
        30          0          0          0          0         68   llshl.o
        36          0          0          0          0         68   llsshr.o
        32          0          0          0          0         68   llushr.o
        36          0          0          0          0         68   memcpya.o
       522         20          0          0          0        336   printf3.o
        40          8          0          0          0         84   scanf_char.o
        20          8          0          0          0         68   scanf_char_file.o
         0          0          0          0          0          0   semi.o
         0          0          0          4          0          0   stdin.o
         0          0          0          4          0          0   stdout.o
        44          0          0          0          0         80   uidiv.o
       334          0          0          0          0        148   dadd.o
       222          0          0          0          0        100   ddiv.o
       186          0          0          0          0        176   depilogue.o
        62          0          0          0          0         80   dfixi.o
        34          0          0          0          0         76   dflti.o
        26          0          0          0          0         76   dfltui.o
       228          0          0          0          0         96   dmul.o
        46          0          0          0          0         80   dscalb.o

    ----------------------------------------------------------------------
      5348        214        352         16          4       3420   Library Totals
        16          0          0          1          4          0   (incl. Padding)

    ----------------------------------------------------------------------

      Code (inc. data)   RO Data    RW Data    ZI Data      Debug   Library Name

      1952        134        288          0          0        972   m_ws.l
      2242         80         64         15          0       1616   mc_w.l
      1138          0          0          0          0        832   mf_w.l

    ----------------------------------------------------------------------
      5348        214        352         16          4       3420   Library Totals

    ----------------------------------------------------------------------

==============================================================================


      Code (inc. data)   RO Data    RW Data    ZI Data      Debug   

     17180       1666      17812        740       1028     291814   Grand Totals
     17180       1666      17812        384       1028     291814   ELF Image Totals (compressed)
     17180       1666      17812        384          0          0   ROM Totals

==============================================================================

    Total RO  Size (Code + RO Data)                34992 (  34.17kB)
    Total RW  Size (RW Data + ZI Data)              1768 (   1.73kB)
    Total ROM Size (Code + RO Data + RW Data)      35376 (  34.55kB)

==============================================================================

